<html>
<body>
<pre>
<h1>µVision Build Log</h1>
<h2>Tool Versions:</h2>
IDE-Version: ¦ÌVision V5.36.0.0
Copyright (C) 2021 ARM Ltd and ARM Germany GmbH. All rights reserved.
License Information: Ray C02, HXG, LIC=VGXG8-3U9SC-NNRAF-6D6RS-WLZ24-EPCSF
 
Tool Versions:
Toolchain:       MDK-ARM Plus  Version: 5.36.0.0
Toolchain Path:  E:\Keil_v5\ARM\ARMCC\Bin
C Compiler:      Armcc.exe V5.06 update 7 (build 960)
Assembler:       Armasm.exe V5.06 update 7 (build 960)
Linker/Locator:  ArmLink.exe V5.06 update 7 (build 960)
Library Manager: ArmAr.exe V5.06 update 7 (build 960)
Hex Converter:   FromElf.exe V5.06 update 7 (build 960)
CPU DLL:         SARMCM3.DLL V5.36.0.0
Dialog DLL:      DCM.DLL V1.17.3.0
Target DLL:      STLink\ST-LINKIII-KEIL_SWO.dll V3.0.9.0
Dialog DLL:      TCM.DLL V1.53.0.0
 
<h2>Project:</h2>
E:\F103ws\test\MDK-ARM\test.uvprojx
Project File Date:  11/04/2022

<h2>Output:</h2>
*** Using Compiler 'V5.06 update 7 (build 960)', folder: 'E:\Keil_v5\ARM\ARMCC\Bin'
Build target 'test'
compiling car.c...
..\Core\Src\car.c(9): warning:  #223-D: function "printf" declared implicitly
  		printf("LeftMotor is go\r\n");
..\Core\Src\car.c(18): warning:  #223-D: function "printf" declared implicitly
  		printf("LeftMotor is back\r\n");
..\Core\Src\car.c(26): warning:  #223-D: function "printf" declared implicitly
  		printf("LeftMotor is stop\r\n");
..\Core\Src\car.c(33): warning:  #223-D: function "printf" declared implicitly
  		printf("RightMotor is go\r\n");
..\Core\Src\car.c(42): warning:  #223-D: function "printf" declared implicitly
  		printf("RightMotor is back\r\n");
..\Core\Src\car.c(50): warning:  #223-D: function "printf" declared implicitly
  		printf("RightMotor is stop\r\n");
..\Core\Src\car.c: 6 warnings, 0 errors
compiling main.c...
../Core/Src/main.c(134): warning:  #177-D: variable "pwm_val"  was declared but never referenced
  				int pwm_val=1000;
../Core/Src/main.c: 1 warning, 0 errors
linking...
Program Size: Code=11276 RO-data=292 RW-data=32 ZI-data=2776  
FromELF: creating hex file...
"test\test.axf" - 0 Error(s), 7 Warning(s).

<h2>Software Packages used:</h2>

Package Vendor: ARM
                http://www.keil.com/pack/ARM.CMSIS.5.9.0.pack
                ARM.CMSIS.5.9.0
                CMSIS (Common Microcontroller Software Interface Standard)
   * Component: CORE Version: 5.6.0

Package Vendor: Keil
                http://www.keil.com/pack/Keil.STM32F1xx_DFP.2.4.0.pack
                Keil.STM32F1xx_DFP.2.4.0
                STMicroelectronics STM32F1 Series Device Support, Drivers and Examples

<h2>Collection of Component include folders:</h2>
  .\RTE\_test
  E:\Keil_v5\Packs\ARM\CMSIS\5.9.0\CMSIS\Core\Include
  E:\Keil_v5\Packs\Keil\STM32F1xx_DFP\2.4.0\Device\Include

<h2>Collection of Component Files used:</h2>

   * Component: ARM::CMSIS:CORE:5.6.0
      Include file:  CMSIS\Core\Include\tz_context.h
Build Time Elapsed:  00:00:01
</pre>
</body>
</html>
