Component: ARM Compiler 5.06 update 7 (build 960) Tool: armlink [4d3601]

==============================================================================

Section Cross References

    startup_stm32f103xb.o(RESET) refers to startup_stm32f103xb.o(STACK) for __initial_sp
    startup_stm32f103xb.o(RESET) refers to startup_stm32f103xb.o(.text) for Reset_Handler
    startup_stm32f103xb.o(RESET) refers to stm32f1xx_it.o(i.NMI_Handler) for NMI_Handler
    startup_stm32f103xb.o(RESET) refers to stm32f1xx_it.o(i.HardFault_Handler) for HardFault_Handler
    startup_stm32f103xb.o(RESET) refers to stm32f1xx_it.o(i.MemManage_Handler) for MemManage_Handler
    startup_stm32f103xb.o(RESET) refers to stm32f1xx_it.o(i.BusFault_Handler) for BusFault_Handler
    startup_stm32f103xb.o(RESET) refers to stm32f1xx_it.o(i.UsageFault_Handler) for UsageFault_Handler
    startup_stm32f103xb.o(RESET) refers to port.o(.emb_text) for SVC_Handler
    startup_stm32f103xb.o(RESET) refers to stm32f1xx_it.o(i.DebugMon_Handler) for DebugMon_Handler
    startup_stm32f103xb.o(RESET) refers to port.o(i.SysTick_Handler) for SysTick_Handler
    startup_stm32f103xb.o(RESET) refers to stm32f1xx_it.o(i.TIM3_IRQHandler) for TIM3_IRQHandler
    startup_stm32f103xb.o(RESET) refers to stm32f1xx_it.o(i.USART2_IRQHandler) for USART2_IRQHandler
    startup_stm32f103xb.o(.text) refers to system_stm32f1xx.o(i.SystemInit) for SystemInit
    startup_stm32f103xb.o(.text) refers to entry.o(.ARM.Collect$$$$00000000) for __main
    esp.o(i.ESP8266_Clear) refers to memseta.o(.text) for __aeabi_memclr
    esp.o(i.ESP8266_Clear) refers to esp.o(.bss) for esp8266_buf
    esp.o(i.ESP8266_Clear) refers to esp.o(.data) for esp8266_cnt
    esp.o(i.ESP8266_ExitTouChuan) refers to printfa.o(i.__0printf) for __2printf
    esp.o(i.ESP8266_ExitTouChuan) refers to esp.o(i.ESP8266_SendString) for ESP8266_SendString
    esp.o(i.ESP8266_ExitTouChuan) refers to stm32f1xx_hal.o(i.HAL_Delay) for HAL_Delay
    esp.o(i.ESP8266_GetIPD) refers to esp.o(i.ESP8266_WaitRecive) for ESP8266_WaitRecive
    esp.o(i.ESP8266_GetIPD) refers to strstr.o(.text) for strstr
    esp.o(i.ESP8266_GetIPD) refers to strchr.o(.text) for strchr
    esp.o(i.ESP8266_GetIPD) refers to stm32f1xx_hal.o(i.HAL_Delay) for HAL_Delay
    esp.o(i.ESP8266_GetIPD) refers to esp.o(.bss) for esp8266_buf
    esp.o(i.ESP8266_Init_SmartConfig) refers to esp.o(i.ESP8266_Clear) for ESP8266_Clear
    esp.o(i.ESP8266_Init_SmartConfig) refers to esp.o(i.ESP8266_ExitTouChuan) for ESP8266_ExitTouChuan
    esp.o(i.ESP8266_Init_SmartConfig) refers to printfa.o(i.__0printf) for __2printf
    esp.o(i.ESP8266_Init_SmartConfig) refers to esp.o(i.ESP8266_SendCmd) for ESP8266_SendCmd
    esp.o(i.ESP8266_Init_SmartConfig) refers to stm32f1xx_hal.o(i.HAL_Delay) for HAL_Delay
    esp.o(i.ESP8266_Init_SmartConfig) refers to emqx.o(i.EMQX_DevLink) for EMQX_DevLink
    esp.o(i.ESP8266_Init_SmartConfig) refers to emqx.o(i.EMQX_Subscribe) for EMQX_Subscribe
    esp.o(i.ESP8266_Init_SmartConfig) refers to esp.o(.data) for EMQX_SUBSCRIBE_TOPIC
    esp.o(i.ESP8266_SendBuf) refers to esp.o(i.ESP8266_Clear) for ESP8266_Clear
    esp.o(i.ESP8266_SendBuf) refers to stm32f1xx_hal_uart.o(i.HAL_UART_Transmit) for HAL_UART_Transmit
    esp.o(i.ESP8266_SendBuf) refers to usart.o(.bss) for huart2
    esp.o(i.ESP8266_SendCmd) refers to strlen.o(.text) for strlen
    esp.o(i.ESP8266_SendCmd) refers to stm32f1xx_hal_uart.o(i.HAL_UART_Transmit) for HAL_UART_Transmit
    esp.o(i.ESP8266_SendCmd) refers to esp.o(i.Uart_SendOneByte) for Uart_SendOneByte
    esp.o(i.ESP8266_SendCmd) refers to esp.o(i.ESP8266_WaitRecive) for ESP8266_WaitRecive
    esp.o(i.ESP8266_SendCmd) refers to printfa.o(i.__0printf) for printf
    esp.o(i.ESP8266_SendCmd) refers to strstr.o(.text) for strstr
    esp.o(i.ESP8266_SendCmd) refers to esp.o(i.ESP8266_Clear) for ESP8266_Clear
    esp.o(i.ESP8266_SendCmd) refers to stm32f1xx_hal.o(i.HAL_Delay) for HAL_Delay
    esp.o(i.ESP8266_SendCmd) refers to usart.o(.bss) for huart2
    esp.o(i.ESP8266_SendCmd) refers to esp.o(.bss) for esp8266_buf
    esp.o(i.ESP8266_SendOneByte) refers to usart.o(.bss) for huart2
    esp.o(i.ESP8266_SendString) refers to esp.o(i.ESP8266_Clear) for ESP8266_Clear
    esp.o(i.ESP8266_SendString) refers to esp.o(i.ESP8266_SendOneByte) for ESP8266_SendOneByte
    esp.o(i.ESP8266_WaitRecive) refers to esp.o(.data) for esp8266_cnt
    esp.o(i.Uart_SendOneByte) refers to usart.o(.bss) for huart1
    esp.o(.data) refers to esp.o(.conststring) for .conststring
    emqx.o(i.EMQX_DevLink) refers to printfa.o(i.__0printf) for __2printf
    emqx.o(i.EMQX_DevLink) refers to mqttkit.o(i.MQTT_PacketConnect) for MQTT_PacketConnect
    emqx.o(i.EMQX_DevLink) refers to esp.o(i.ESP8266_SendBuf) for ESP8266_SendBuf
    emqx.o(i.EMQX_DevLink) refers to esp.o(i.ESP8266_GetIPD) for ESP8266_GetIPD
    emqx.o(i.EMQX_DevLink) refers to mqttkit.o(i.MQTT_UnPacketRecv) for MQTT_UnPacketRecv
[...]
    i.MQTT_UnPacketPublishComp               0x080034fa   Section        0  mqttkit.o(i.MQTT_UnPacketPublishComp)
    i.MQTT_UnPacketPublishRec                0x08003518   Section        0  mqttkit.o(i.MQTT_UnPacketPublishRec)
    i.MQTT_UnPacketPublishRel                0x08003536   Section        0  mqttkit.o(i.MQTT_UnPacketPublishRel)
    i.MQTT_UnPacketRecv                      0x0800355c   Section        0  mqttkit.o(i.MQTT_UnPacketRecv)
    i.MQTT_UnPacketSubscribe                 0x080035d0   Section        0  mqttkit.o(i.MQTT_UnPacketSubscribe)
    i.MQTT_UnPacketUnSubscribe               0x08003604   Section        0  mqttkit.o(i.MQTT_UnPacketUnSubscribe)
    i.MX_FREERTOS_Init                       0x08003618   Section        0  freertos.o(i.MX_FREERTOS_Init)
    i.MX_GPIO_Init                           0x0800365c   Section        0  gpio.o(i.MX_GPIO_Init)
    i.MX_TIM2_Init                           0x0800369c   Section        0  tim.o(i.MX_TIM2_Init)
    i.MX_USART1_UART_Init                    0x08003718   Section        0  usart.o(i.MX_USART1_UART_Init)
    i.MX_USART2_UART_Init                    0x08003750   Section        0  usart.o(i.MX_USART2_UART_Init)
    i.MemManage_Handler                      0x08003798   Section        0  stm32f1xx_it.o(i.MemManage_Handler)
    i.NMI_Handler                            0x0800379c   Section        0  stm32f1xx_it.o(i.NMI_Handler)
    i.RCC_Delay                              0x080037a0   Section        0  stm32f1xx_hal_rcc.o(i.RCC_Delay)
    RCC_Delay                                0x080037a1   Thumb Code    36  stm32f1xx_hal_rcc.o(i.RCC_Delay)
    i.StartDefaultTask                       0x080037c8   Section        0  freertos.o(i.StartDefaultTask)
    i.StartTask02                            0x08003800   Section        0  freertos.o(i.StartTask02)
    i.SysTick_Handler                        0x08003830   Section        0  port.o(i.SysTick_Handler)
    i.SystemClock_Config                     0x08003864   Section        0  main.o(i.SystemClock_Config)
    i.SystemInit                             0x080038ca   Section        0  system_stm32f1xx.o(i.SystemInit)
    i.TIM3_IRQHandler                        0x080038cc   Section        0  stm32f1xx_it.o(i.TIM3_IRQHandler)
    i.TIM_Base_SetConfig                     0x080038dc   Section        0  stm32f1xx_hal_tim.o(i.TIM_Base_SetConfig)
    i.TIM_CCxChannelCmd                      0x08003950   Section        0  stm32f1xx_hal_tim.o(i.TIM_CCxChannelCmd)
    i.TIM_OC1_SetConfig                      0x08003974   Section        0  stm32f1xx_hal_tim.o(i.TIM_OC1_SetConfig)
    TIM_OC1_SetConfig                        0x08003975   Thumb Code    90  stm32f1xx_hal_tim.o(i.TIM_OC1_SetConfig)
    i.TIM_OC2_SetConfig                      0x080039d4   Section        0  stm32f1xx_hal_tim.o(i.TIM_OC2_SetConfig)
    i.TIM_OC3_SetConfig                      0x08003a3c   Section        0  stm32f1xx_hal_tim.o(i.TIM_OC3_SetConfig)
    TIM_OC3_SetConfig                        0x08003a3d   Thumb Code    98  stm32f1xx_hal_tim.o(i.TIM_OC3_SetConfig)
    i.TIM_OC4_SetConfig                      0x08003aa4   Section        0  stm32f1xx_hal_tim.o(i.TIM_OC4_SetConfig)
    TIM_OC4_SetConfig                        0x08003aa5   Thumb Code    68  stm32f1xx_hal_tim.o(i.TIM_OC4_SetConfig)
    i.UART_DMAAbortOnError                   0x08003aec   Section        0  stm32f1xx_hal_uart.o(i.UART_DMAAbortOnError)
    UART_DMAAbortOnError                     0x08003aed   Thumb Code    20  stm32f1xx_hal_uart.o(i.UART_DMAAbortOnError)
    i.UART_EndRxTransfer                     0x08003b00   Section        0  stm32f1xx_hal_uart.o(i.UART_EndRxTransfer)
    UART_EndRxTransfer                       0x08003b01   Thumb Code    54  stm32f1xx_hal_uart.o(i.UART_EndRxTransfer)
    i.UART_EndTransmit_IT                    0x08003b36   Section        0  stm32f1xx_hal_uart.o(i.UART_EndTransmit_IT)
    UART_EndTransmit_IT                      0x08003b37   Thumb Code    32  stm32f1xx_hal_uart.o(i.UART_EndTransmit_IT)
    i.UART_Receive_IT                        0x08003b56   Section        0  stm32f1xx_hal_uart.o(i.UART_Receive_IT)
    UART_Receive_IT                          0x08003b57   Thumb Code   228  stm32f1xx_hal_uart.o(i.UART_Receive_IT)
    i.UART_SetConfig                         0x08003c3c   Section        0  stm32f1xx_hal_uart.o(i.UART_SetConfig)
    UART_SetConfig                           0x08003c3d   Thumb Code   248  stm32f1xx_hal_uart.o(i.UART_SetConfig)
    i.UART_Transmit_IT                       0x08003d38   Section        0  stm32f1xx_hal_uart.o(i.UART_Transmit_IT)
    UART_Transmit_IT                         0x08003d39   Thumb Code    96  stm32f1xx_hal_uart.o(i.UART_Transmit_IT)
    i.UART_WaitOnFlagUntilTimeout            0x08003d98   Section        0  stm32f1xx_hal_uart.o(i.UART_WaitOnFlagUntilTimeout)
    UART_WaitOnFlagUntilTimeout              0x08003d99   Thumb Code   108  stm32f1xx_hal_uart.o(i.UART_WaitOnFlagUntilTimeout)
    i.USART2_IRQHandler                      0x08003e04   Section        0  stm32f1xx_it.o(i.USART2_IRQHandler)
    i.Uart_SendOneByte                       0x08003e5c   Section        0  esp.o(i.Uart_SendOneByte)
    Uart_SendOneByte                         0x08003e5d   Thumb Code    28  esp.o(i.Uart_SendOneByte)
    i.UsageFault_Handler                     0x08003e7c   Section        0  stm32f1xx_it.o(i.UsageFault_Handler)
    i.__0printf                              0x08003e80   Section        0  printfa.o(i.__0printf)
    i.__0sprintf                             0x08003ea0   Section        0  printfa.o(i.__0sprintf)
    i.__ARM_fpclassify                       0x08003ec8   Section        0  fpclassify.o(i.__ARM_fpclassify)
    i.__NVIC_GetPriorityGrouping             0x08003ef0   Section        0  stm32f1xx_hal_cortex.o(i.__NVIC_GetPriorityGrouping)
    __NVIC_GetPriorityGrouping               0x08003ef1   Thumb Code    10  stm32f1xx_hal_cortex.o(i.__NVIC_GetPriorityGrouping)
    i.__NVIC_SetPriority                     0x08003f00   Section        0  stm32f1xx_hal_cortex.o(i.__NVIC_SetPriority)
    __NVIC_SetPriority                       0x08003f01   Thumb Code    32  stm32f1xx_hal_cortex.o(i.__NVIC_SetPriority)
    i.__kernel_poly                          0x08003f28   Section        0  poly.o(i.__kernel_poly)
    i.__mathlib_dbl_divzero                  0x08003fd4   Section        0  dunder.o(i.__mathlib_dbl_divzero)
    i.__mathlib_dbl_infnan2                  0x08003fe4   Section        0  dunder.o(i.__mathlib_dbl_infnan2)
    i.__mathlib_dbl_invalid                  0x08003fe8   Section        0  dunder.o(i.__mathlib_dbl_invalid)
    i.__mathlib_dbl_overflow                 0x08003ff4   Section        0  dunder.o(i.__mathlib_dbl_overflow)
    i.__mathlib_dbl_underflow                0x08004004   Section        0  dunder.o(i.__mathlib_dbl_underflow)
    i.__scatterload_copy                     0x08004014   Section       14  handlers.o(i.__scatterload_copy)
    i.__scatterload_null                     0x08004022   Section        2  handlers.o(i.__scatterload_null)
    i.__scatterload_zeroinit                 0x08004024   Section       14  handlers.o(i.__scatterload_zeroinit)
    i.__set_errno                            0x08004034   Section        0  errno.o(i.__set_errno)
    i._fp_digits                             0x08004040   Section        0  printfa.o(i._fp_digits)
    _fp_digits                               0x08004041   Thumb Code   366  printfa.o(i._fp_digits)
    i._printf_core                           0x080041c4   Section        0  printfa.o(i._printf_core)
    _printf_core                             0x080041c5   Thumb Code  1704  printfa.o(i._printf_core)
    i._printf_post_padding                   0x08004878   Section        0  printfa.o(i._printf_post_padding)
    _printf_post_padding                     0x08004879   Thumb Code    36  printfa.o(i._printf_post_padding)
    i._printf_pre_padding                    0x0800489c   Section        0  printfa.o(i._printf_pre_padding)
    _printf_pre_padding                      0x0800489d   Thumb Code    46  printfa.o(i._printf_pre_padding)
    i._sputc                                 0x080048ca   Section        0  printfa.o(i._sputc)
    _sputc                                   0x080048cb   Thumb Code    10  printfa.o(i._sputc)
    i.cJSON_Delete                           0x080048d4   Section        0  cjson.o(i.cJSON_Delete)
    i.cJSON_GetErrorPtr                      0x0800492c   Section        0  cjson.o(i.cJSON_GetErrorPtr)
    i.cJSON_GetObjectItem                    0x08004938   Section        0  cjson.o(i.cJSON_GetObjectItem)
    i.cJSON_New_Item                         0x08004958   Section        0  cjson.o(i.cJSON_New_Item)
    cJSON_New_Item                           0x08004959   Thumb Code    26  cjson.o(i.cJSON_New_Item)
    i.cJSON_Parse                            0x08004978   Section        0  cjson.o(i.cJSON_Parse)
    i.cJSON_ParseWithOpts                    0x08004988   Section        0  cjson.o(i.cJSON_ParseWithOpts)
    i.cJSON_strcasecmp                       0x080049ec   Section        0  cjson.o(i.cJSON_strcasecmp)
    cJSON_strcasecmp                         0x080049ed   Thumb Code    76  cjson.o(i.cJSON_strcasecmp)
    i.fputc                                  0x08004a38   Section        0  usart.o(i.fputc)
    i.free                                   0x08004a54   Section        0  malloc.o(i.free)
    i.main                                   0x08004aa4   Section        0  main.o(i.main)
    i.makeFreeRtosPriority                   0x08004ae4   Section        0  cmsis_os.o(i.makeFreeRtosPriority)
    makeFreeRtosPriority                     0x08004ae5   Thumb Code    14  cmsis_os.o(i.makeFreeRtosPriority)
    i.malloc                                 0x08004af4   Section        0  malloc.o(i.malloc)
    i.osDelay                                0x08004b60   Section        0  cmsis_os.o(i.osDelay)
    i.osKernelStart                          0x08004b78   Section        0  cmsis_os.o(i.osKernelStart)
    i.osThreadCreate                         0x08004b82   Section        0  cmsis_os.o(i.osThreadCreate)
    i.parse_array                            0x08004be0   Section        0  cjson.o(i.parse_array)
    parse_array                              0x08004be1   Thumb Code   166  cjson.o(i.parse_array)
    i.parse_hex4                             0x08004c8c   Section        0  cjson.o(i.parse_hex4)
    parse_hex4                               0x08004c8d   Thumb Code   276  cjson.o(i.parse_hex4)
    i.parse_number                           0x08004da0   Section        0  cjson.o(i.parse_number)
    parse_number                             0x08004da1   Thumb Code   432  cjson.o(i.parse_number)
    i.parse_object                           0x08004f5c   Section        0  cjson.o(i.parse_object)
    parse_object                             0x08004f5d   Thumb Code   270  cjson.o(i.parse_object)
    i.parse_string                           0x08005070   Section        0  cjson.o(i.parse_string)
    parse_string                             0x08005071   Thumb Code   448  cjson.o(i.parse_string)
    i.parse_value                            0x0800523c   Section        0  cjson.o(i.parse_value)
    parse_value                              0x0800523d   Thumb Code   158  cjson.o(i.parse_value)
    i.pow                                    0x080052f8   Section        0  pow.o(i.pow)
    i.prvAddCurrentTaskToDelayedList         0x08005cd0   Section        0  tasks.o(i.prvAddCurrentTaskToDelayedList)
    prvAddCurrentTaskToDelayedList           0x08005cd1   Thumb Code   124  tasks.o(i.prvAddCurrentTaskToDelayedList)
    i.prvAddNewTaskToReadyList               0x08005d68   Section        0  tasks.o(i.prvAddNewTaskToReadyList)
    prvAddNewTaskToReadyList                 0x08005d69   Thumb Code   150  tasks.o(i.prvAddNewTaskToReadyList)
    i.prvCheckTasksWaitingTermination        0x08005e1c   Section        0  tasks.o(i.prvCheckTasksWaitingTermination)
    prvCheckTasksWaitingTermination          0x08005e1d   Thumb Code    60  tasks.o(i.prvCheckTasksWaitingTermination)
    i.prvDeleteTCB                           0x08005e64   Section        0  tasks.o(i.prvDeleteTCB)
    prvDeleteTCB                             0x08005e65   Thumb Code    80  tasks.o(i.prvDeleteTCB)
    i.prvHeapInit                            0x08005eb4   Section        0  heap_4.o(i.prvHeapInit)
    prvHeapInit                              0x08005eb5   Thumb Code    98  heap_4.o(i.prvHeapInit)
    i.prvIdleTask                            0x08005f30   Section        0  tasks.o(i.prvIdleTask)
    prvIdleTask                              0x08005f31   Thumb Code    32  tasks.o(i.prvIdleTask)
    i.prvInitialiseNewTask                   0x08005f58   Section        0  tasks.o(i.prvInitialiseNewTask)
    prvInitialiseNewTask                     0x08005f59   Thumb Code   170  tasks.o(i.prvInitialiseNewTask)
    i.prvInitialiseTaskLists                 0x08006004   Section        0  tasks.o(i.prvInitialiseTaskLists)
    prvInitialiseTaskLists                   0x08006005   Thumb Code    70  tasks.o(i.prvInitialiseTaskLists)
    i.prvInsertBlockIntoFreeList             0x0800606c   Section        0  heap_4.o(i.prvInsertBlockIntoFreeList)
    prvInsertBlockIntoFreeList               0x0800606d   Thumb Code    96  heap_4.o(i.prvInsertBlockIntoFreeList)
    i.prvResetNextTaskUnblockTime            0x080060d4   Section        0  tasks.o(i.prvResetNextTaskUnblockTime)
    prvResetNextTaskUnblockTime              0x080060d5   Thumb Code    42  tasks.o(i.prvResetNextTaskUnblockTime)
    i.prvTaskExitError                       0x08006108   Section        0  port.o(i.prvTaskExitError)
    prvTaskExitError                         0x08006109   Thumb Code    60  port.o(i.prvTaskExitError)
    i.pvPortMalloc                           0x08006148   Section        0  heap_4.o(i.pvPortMalloc)
    i.pxPortInitialiseStack                  0x08006284   Section        0  port.o(i.pxPortInitialiseStack)
    i.skip                                   0x080062a8   Section        0  cjson.o(i.skip)
    skip                                     0x080062a9   Thumb Code    18  cjson.o(i.skip)
    i.sqrt                                   0x080062ba   Section        0  sqrt.o(i.sqrt)
    i.uxListRemove                           0x08006306   Section        0  list.o(i.uxListRemove)
    i.vApplicationGetIdleTaskMemory          0x08006330   Section        0  freertos.o(i.vApplicationGetIdleTaskMemory)
    i.vListInitialise                        0x08006348   Section        0  list.o(i.vListInitialise)
    i.vListInitialiseItem                    0x08006362   Section        0  list.o(i.vListInitialiseItem)
    i.vListInsert                            0x08006368   Section        0  list.o(i.vListInsert)
    i.vListInsertEnd                         0x0800639c   Section        0  list.o(i.vListInsertEnd)
    i.vPortEnterCritical                     0x080063b4   Section        0  port.o(i.vPortEnterCritical)
    i.vPortExitCritical                      0x08006408   Section        0  port.o(i.vPortExitCritical)
    i.vPortFree                              0x08006444   Section        0  heap_4.o(i.vPortFree)
    i.vPortSetupTimerInterrupt               0x080064d8   Section        0  port.o(i.vPortSetupTimerInterrupt)
    i.vTaskDelay                             0x08006500   Section        0  tasks.o(i.vTaskDelay)
    i.vTaskStartScheduler                    0x0800655c   Section        0  tasks.o(i.vTaskStartScheduler)
    i.vTaskSuspendAll                        0x0800660c   Section        0  tasks.o(i.vTaskSuspendAll)
    i.vTaskSwitchContext                     0x0800661c   Section        0  tasks.o(i.vTaskSwitchContext)
    i.xPortStartScheduler                    0x080066a8   Section        0  port.o(i.xPortStartScheduler)
    i.xTaskCreate                            0x080067a0   Section        0  tasks.o(i.xTaskCreate)
    i.xTaskCreateStatic                      0x08006804   Section        0  tasks.o(i.xTaskCreateStatic)
    i.xTaskIncrementTick                     0x080068bc   Section        0  tasks.o(i.xTaskIncrementTick)
    i.xTaskResumeAll                         0x08006a04   Section        0  tasks.o(i.xTaskResumeAll)
    .constdata                               0x08006b08   Section        8  emqx.o(.constdata)
    .constdata                               0x08006b10   Section        7  cjson.o(.constdata)
    firstByteMark                            0x08006b10   Data           7  cjson.o(.constdata)
    .constdata                               0x08006b18   Section       56  freertos.o(.constdata)
    .constdata                               0x08006b50   Section       24  system_stm32f1xx.o(.constdata)
    .constdata                               0x08006b68   Section      136  pow.o(.constdata)
    bp                                       0x08006b68   Data          16  pow.o(.constdata)
    dp_h                                     0x08006b78   Data          16  pow.o(.constdata)
    dp_l                                     0x08006b88   Data          16  pow.o(.constdata)
    L                                        0x08006b98   Data          48  pow.o(.constdata)
    P                                        0x08006bc8   Data          40  pow.o(.constdata)
    .constdata                               0x08006bf0   Section        8  qnan.o(.constdata)
    .conststring                             0x08006bf8   Section       16  esp.o(.conststring)
    .conststring                             0x08006c08   Section       13  emqx.o(.conststring)
    .conststring                             0x08006c18   Section       18  freertos.o(.conststring)
    .data                                    0x20000000   Section        8  esp.o(.data)
    .data                                    0x20000008   Section       12  emqx.o(.data)
    pkt_id                                   0x20000012   Data           2  emqx.o(.data)
    .data                                    0x20000014   Section       12  cjson.o(.data)
    ep                                       0x20000014   Data           4  cjson.o(.data)
    cJSON_malloc                             0x20000018   Data           4  cjson.o(.data)
    cJSON_free                               0x2000001c   Data           4  cjson.o(.data)
    .data                                    0x20000020   Section        8  freertos.o(.data)
    .data                                    0x20000028   Section        4  usart.o(.data)
    .data                                    0x2000002c   Section        9  stm32f1xx_hal.o(.data)
    .data                                    0x20000038   Section        4  system_stm32f1xx.o(.data)
    .data                                    0x2000003c   Section       60  tasks.o(.data)
    pxDelayedTaskList                        0x20000040   Data           4  tasks.o(.data)
    pxOverflowDelayedTaskList                0x20000044   Data           4  tasks.o(.data)
    uxDeletedTasksWaitingCleanUp             0x20000048   Data           4  tasks.o(.data)
    uxCurrentNumberOfTasks                   0x2000004c   Data           4  tasks.o(.data)
    xTickCount                               0x20000050   Data           4  tasks.o(.data)
    uxTopReadyPriority                       0x20000054   Data           4  tasks.o(.data)
    xSchedulerRunning                        0x20000058   Data           4  tasks.o(.data)
    uxPendedTicks                            0x2000005c   Data           4  tasks.o(.data)
    xYieldPending                            0x20000060   Data           4  tasks.o(.data)
    xNumOfOverflows                          0x20000064   Data           4  tasks.o(.data)
    uxTaskNumber                             0x20000068   Data           4  tasks.o(.data)
    xNextTaskUnblockTime                     0x2000006c   Data           4  tasks.o(.data)
    xIdleTaskHandle                          0x20000070   Data           4  tasks.o(.data)
    uxSchedulerSuspended                     0x20000074   Data           4  tasks.o(.data)
    .data                                    0x20000078   Section       24  heap_4.o(.data)
    xStart                                   0x20000078   Data           8  heap_4.o(.data)
    pxEnd                                    0x20000080   Data           4  heap_4.o(.data)
    xFreeBytesRemaining                      0x20000084   Data           4  heap_4.o(.data)
    xMinimumEverFreeBytesRemaining           0x20000088   Data           4  heap_4.o(.data)
    xBlockAllocatedBit                       0x2000008c   Data           4  heap_4.o(.data)
    .data                                    0x20000090   Section       12  port.o(.data)
    uxCriticalNesting                        0x20000090   Data           4  port.o(.data)
    ucMaxSysCallPriority                     0x20000094   Data           1  port.o(.data)
    ulMaxPRIGROUPValue                       0x20000098   Data           4  port.o(.data)
    .data                                    0x2000009c   Section        4  mvars.o(.data)
    .data                                    0x200000a0   Section        4  mvars.o(.data)
    .data                                    0x200000a4   Section        4  errno.o(.data)
    _errno                                   0x200000a4   Data           4  errno.o(.data)
    .bss                                     0x200000a8   Section     1024  esp.o(.bss)
    .bss                                     0x200004a8   Section      300  emqx.o(.bss)
    .bss                                     0x200005d4   Section      596  freertos.o(.bss)
    xIdleTaskTCBBuffer                       0x200005d4   Data          84  freertos.o(.bss)
    xIdleStack                               0x20000628   Data         512  freertos.o(.bss)
    .bss                                     0x20000828   Section       72  tim.o(.bss)
    .bss                                     0x20000870   Section      136  usart.o(.bss)
    .bss                                     0x200008f8   Section       72  stm32f1xx_hal_timebase_tim.o(.bss)
    .bss                                     0x20000940   Section      240  tasks.o(.bss)
    pxReadyTasksLists                        0x20000940   Data         140  tasks.o(.bss)
    xDelayedTaskList1                        0x200009cc   Data          20  tasks.o(.bss)
    xDelayedTaskList2                        0x200009e0   Data          20  tasks.o(.bss)
    xPendingReadyList                        0x200009f4   Data          20  tasks.o(.bss)
    xTasksWaitingTermination                 0x20000a08   Data          20  tasks.o(.bss)
    xSuspendedTaskList                       0x20000a1c   Data          20  tasks.o(.bss)
    .bss                                     0x20000a30   Section     3072  heap_4.o(.bss)
    ucHeap                                   0x20000a30   Data        3072  heap_4.o(.bss)
    HEAP                                     0x20001630   Section      512  startup_stm32f103xb.o(HEAP)
    STACK                                    0x20001830   Section     1024  startup_stm32f103xb.o(STACK)

    Global Symbols

    Symbol Name                              Value     Ov Type        Size  Object(Section)

    BuildAttributes$$THM_ISAv4$P$D$K$B$S$PE$A:L22UL41UL21$X:L11$S22US41US21$IEEE1$IW$USESV6$~STKCKD$USESV7$~SHL$OTIME$ROPI$IEEEX$EBA8$MICROLIB$REQ8$PRES8$EABIv2 0x00000000   Number         0  anon$$obj.o ABSOLUTE
    __ARM_use_no_argv                        0x00000000   Number         0  main.o ABSOLUTE
    __use_no_errno                           0x00000000   Number         0  useno.o ABSOLUTE
    __use_no_exception_handling              0x00000000   Number         0  useno.o ABSOLUTE
    __use_no_fp                              0x00000000   Number         0  useno.o ABSOLUTE
    __use_no_heap                            0x00000000   Number         0  useno.o ABSOLUTE
    __use_no_heap_region                     0x00000000   Number         0  useno.o ABSOLUTE
    __use_no_semihosting                     0x00000000   Number         0  useno.o ABSOLUTE
    __use_no_semihosting_swi                 0x00000000   Number         0  useno.o ABSOLUTE
    __use_no_signal_handling                 0x00000000   Number         0  useno.o ABSOLUTE
    _printf_a                                0x00000000   Number         0  stubs.o ABSOLUTE
    _printf_c                                0x00000000   Number         0  stubs.o ABSOLUTE
    _printf_charcount                        0x00000000   Number         0  stubs.o ABSOLUTE
    _printf_d                                0x00000000   Number         0  stubs.o ABSOLUTE
    _printf_e                                0x00000000   Number         0  stubs.o ABSOLUTE
    _printf_f                                0x00000000   Number         0  stubs.o ABSOLUTE
    _printf_flags                            0x00000000   Number         0  stubs.o ABSOLUTE
    _printf_fp_dec                           0x00000000   Number         0  stubs.o ABSOLUTE
    _printf_fp_hex                           0x00000000   Number         0  stubs.o ABSOLUTE
    _printf_g                                0x00000000   Number         0  stubs.o ABSOLUTE
    _printf_i                                0x00000000   Number         0  stubs.o ABSOLUTE
    _printf_int_dec                          0x00000000   Number         0  stubs.o ABSOLUTE
    _printf_l                                0x00000000   Number         0  stubs.o ABSOLUTE
    _printf_lc                               0x00000000   Number         0  stubs.o ABSOLUTE
    _printf_ll                               0x00000000   Number         0  stubs.o ABSOLUTE
    _printf_lld                              0x00000000   Number         0  stubs.o ABSOLUTE
    _printf_lli                              0x00000000   Number         0  stubs.o ABSOLUTE
    _printf_llo                              0x00000000   Number         0  stubs.o ABSOLUTE
    _printf_llu                              0x00000000   Number         0  stubs.o ABSOLUTE
    _printf_llx                              0x00000000   Number         0  stubs.o ABSOLUTE
    _printf_longlong_dec                     0x00000000   Number         0  stubs.o ABSOLUTE
    _printf_longlong_hex                     0x00000000   Number         0  stubs.o ABSOLUTE
    _printf_longlong_oct                     0x00000000   Number         0  stubs.o ABSOLUTE
    _printf_ls                               0x00000000   Number         0  stubs.o ABSOLUTE
    _printf_mbtowc                           0x00000000   Number         0  stubs.o ABSOLUTE
    _printf_n                                0x00000000   Number         0  stubs.o ABSOLUTE
    _printf_o                                0x00000000   Number         0  stubs.o ABSOLUTE
    _printf_p                                0x00000000   Number         0  stubs.o ABSOLUTE
    _printf_percent                          0x00000000   Number         0  stubs.o ABSOLUTE
    _printf_pre_padding                      0x00000000   Number         0  stubs.o ABSOLUTE
    _printf_return_value                     0x00000000   Number         0  stubs.o ABSOLUTE
    _printf_s                                0x00000000   Number         0  stubs.o ABSOLUTE
    _printf_sizespec                         0x00000000   Number         0  stubs.o ABSOLUTE
    _printf_str                              0x00000000   Number         0  stubs.o ABSOLUTE
    _printf_truncate_signed                  0x00000000   Number         0  stubs.o ABSOLUTE
    _printf_truncate_unsigned                0x00000000   Number         0  stubs.o ABSOLUTE
    _printf_u                                0x00000000   Number         0  stubs.o ABSOLUTE
    _printf_wc                               0x00000000   Number         0  stubs.o ABSOLUTE
    _printf_wctomb                           0x00000000   Number         0  stubs.o ABSOLUTE
    _printf_widthprec                        0x00000000   Number         0  stubs.o ABSOLUTE
    _printf_x                                0x00000000   Number         0  stubs.o ABSOLUTE
    __arm_fini_                               - Undefined Weak Reference
    __cpp_initialize__aeabi_                  - Undefined Weak Reference
    __cxa_finalize                            - Undefined Weak Reference
    __decompress                              - Undefined Weak Reference
    _clock_init                               - Undefined Weak Reference
    _microlib_exit                            - Undefined Weak Reference
    __Vectors_Size                           0x000000ec   Number         0  startup_stm32f103xb.o ABSOLUTE
    __Vectors                                0x08000000   Data           4  startup_stm32f103xb.o(RESET)
    __Vectors_End                            0x080000ec   Data           0  startup_stm32f103xb.o(RESET)
    __main                                   0x080000ed   Thumb Code     0  entry.o(.ARM.Collect$$$$00000000)
    _main_stk                                0x080000ed   Thumb Code     0  entry2.o(.ARM.Collect$$$$00000001)
    _main_scatterload                        0x080000f1   Thumb Code     0  entry5.o(.ARM.Collect$$$$00000004)
    __main_after_scatterload                 0x080000f5   Thumb Code     0  entry5.o(.ARM.Collect$$$$00000004)
    _main_clock                              0x080000f5   Thumb Code     0  entry7b.o(.ARM.Collect$$$$00000008)
    _main_cpp_init                           0x080000f5   Thumb Code     0  entry8b.o(.ARM.Collect$$$$0000000A)
    _main_init                               0x080000f5   Thumb Code     0  entry9a.o(.ARM.Collect$$$$0000000B)
    __rt_lib_shutdown_fini                   0x080000fd   Thumb Code     0  entry12b.o(.ARM.Collect$$$$0000000E)
    __rt_final_cpp                           0x08000101   Thumb Code     0  entry10a.o(.ARM.Collect$$$$0000000F)
    __rt_final_exit                          0x08000101   Thumb Code     0  entry11a.o(.ARM.Collect$$$$00000011)
    SVC_Handler                              0x08000105   Thumb Code    32  port.o(.emb_text)
    __asm___6_port_c_39a90d8d__prvStartFirstTask 0x08000129   Thumb Code    28  port.o(.emb_text)
    PendSV_Handler                           0x08000149   Thumb Code    72  port.o(.emb_text)
    vPortGetIPSR                             0x08000195   Thumb Code     6  port.o(.emb_text)
    Reset_Handler                            0x0800019d   Thumb Code     8  startup_stm32f103xb.o(.text)
    ADC1_2_IRQHandler                        0x080001b7   Thumb Code     0  startup_stm32f103xb.o(.text)
    CAN1_RX1_IRQHandler                      0x080001b7   Thumb Code     0  startup_stm32f103xb.o(.text)
    CAN1_SCE_IRQHandler                      0x080001b7   Thumb Code     0  startup_stm32f103xb.o(.text)
    DMA1_Channel1_IRQHandler                 0x080001b7   Thumb Code     0  startup_stm32f103xb.o(.text)
    DMA1_Channel2_IRQHandler                 0x080001b7   Thumb Code     0  startup_stm32f103xb.o(.text)
    DMA1_Channel3_IRQHandler                 0x080001b7   Thumb Code     0  startup_stm32f103xb.o(.text)
    DMA1_Channel4_IRQHandler                 0x080001b7   Thumb Code     0  startup_stm32f103xb.o(.text)
    DMA1_Channel5_IRQHandler                 0x080001b7   Thumb Code     0  startup_stm32f103xb.o(.text)
    DMA1_Channel6_IRQHandler                 0x080001b7   Thumb Code     0  startup_stm32f103xb.o(.text)
    DMA1_Channel7_IRQHandler                 0x080001b7   Thumb Code     0  startup_stm32f103xb.o(.text)
    EXTI0_IRQHandler                         0x080001b7   Thumb Code     0  startup_stm32f103xb.o(.text)
    EXTI15_10_IRQHandler                     0x080001b7   Thumb Code     0  startup_stm32f103xb.o(.text)
    EXTI1_IRQHandler                         0x080001b7   Thumb Code     0  startup_stm32f103xb.o(.text)
    EXTI2_IRQHandler                         0x080001b7   Thumb Code     0  startup_stm32f103xb.o(.text)
    EXTI3_IRQHandler                         0x080001b7   Thumb Code     0  startup_stm32f103xb.o(.text)
    EXTI4_IRQHandler                         0x080001b7   Thumb Code     0  startup_stm32f103xb.o(.text)
    EXTI9_5_IRQHandler                       0x080001b7   Thumb Code     0  startup_stm32f103xb.o(.text)
    FLASH_IRQHandler                         0x080001b7   Thumb Code     0  startup_stm32f103xb.o(.text)
    I2C1_ER_IRQHandler                       0x080001b7   Thumb Code     0  startup_stm32f103xb.o(.text)
    I2C1_EV_IRQHandler                       0x080001b7   Thumb Code     0  startup_stm32f103xb.o(.text)
    I2C2_ER_IRQHandler                       0x080001b7   Thumb Code     0  startup_stm32f103xb.o(.text)
    I2C2_EV_IRQHandler                       0x080001b7   Thumb Code     0  startup_stm32f103xb.o(.text)
    PVD_IRQHandler                           0x080001b7   Thumb Code     0  startup_stm32f103xb.o(.text)
    RCC_IRQHandler                           0x080001b7   Thumb Code     0  startup_stm32f103xb.o(.text)
    RTC_Alarm_IRQHandler                     0x080001b7   Thumb Code     0  startup_stm32f103xb.o(.text)
    RTC_IRQHandler                           0x080001b7   Thumb Code     0  startup_stm32f103xb.o(.text)
    SPI1_IRQHandler                          0x080001b7   Thumb Code     0  startup_stm32f103xb.o(.text)
    SPI2_IRQHandler                          0x080001b7   Thumb Code     0  startup_stm32f103xb.o(.text)
    TAMPER_IRQHandler                        0x080001b7   Thumb Code     0  startup_stm32f103xb.o(.text)
    TIM1_BRK_IRQHandler                      0x080001b7   Thumb Code     0  startup_stm32f103xb.o(.text)
    TIM1_CC_IRQHandler                       0x080001b7   Thumb Code     0  startup_stm32f103xb.o(.text)
    TIM1_TRG_COM_IRQHandler                  0x080001b7   Thumb Code     0  startup_stm32f103xb.o(.text)
    TIM1_UP_IRQHandler                       0x080001b7   Thumb Code     0  startup_stm32f103xb.o(.text)
    TIM2_IRQHandler                          0x080001b7   Thumb Code     0  startup_stm32f103xb.o(.text)
    TIM4_IRQHandler                          0x080001b7   Thumb Code     0  startup_stm32f103xb.o(.text)
    USART1_IRQHandler                        0x080001b7   Thumb Code     0  startup_stm32f103xb.o(.text)
    USART3_IRQHandler                        0x080001b7   Thumb Code     0  startup_stm32f103xb.o(.text)
    USBWakeUp_IRQHandler                     0x080001b7   Thumb Code     0  startup_stm32f103xb.o(.text)
    USB_HP_CAN1_TX_IRQHandler                0x080001b7   Thumb Code     0  startup_stm32f103xb.o(.text)
    USB_LP_CAN1_RX0_IRQHandler               0x080001b7   Thumb Code     0  startup_stm32f103xb.o(.text)
    WWDG_IRQHandler                          0x080001b7   Thumb Code     0  startup_stm32f103xb.o(.text)
    __aeabi_llsr                             0x080001c1   Thumb Code    32  llushr.o(.text)
    _ll_ushift_r                             0x080001c1   Thumb Code     0  llushr.o(.text)
    tolower                                  0x080001e1   Thumb Code    12  tolower.o(.text)
    __aeabi_memcpy                           0x080001ed   Thumb Code    36  memcpya.o(.text)
    __aeabi_memcpy4                          0x080001ed   Thumb Code     0  memcpya.o(.text)
    __aeabi_memcpy8                          0x080001ed   Thumb Code     0  memcpya.o(.text)
    __aeabi_memset                           0x08000211   Thumb Code    14  memseta.o(.text)
    __aeabi_memset4                          0x08000211   Thumb Code     0  memseta.o(.text)
    __aeabi_memset8                          0x08000211   Thumb Code     0  memseta.o(.text)
    __aeabi_memclr                           0x0800021f   Thumb Code     4  memseta.o(.text)
    __aeabi_memclr4                          0x0800021f   Thumb Code     0  memseta.o(.text)
    __aeabi_memclr8                          0x0800021f   Thumb Code     0  memseta.o(.text)
    memset                                   0x08000223   Thumb Code    18  memseta.o(.text)
    strstr                                   0x08000235   Thumb Code    36  strstr.o(.text)
    strchr                                   0x08000259   Thumb Code    20  strchr.o(.text)
    strlen                                   0x0800026d   Thumb Code    14  strlen.o(.text)
    strncat                                  0x0800027b   Thumb Code    40  strncat.o(.text)
    strncmp                                  0x080002a3   Thumb Code    30  strncmp.o(.text)
    __aeabi_dadd                             0x080002c1   Thumb Code   322  dadd.o(.text)
    __aeabi_dsub                             0x08000403   Thumb Code     6  dadd.o(.text)
    __aeabi_drsub                            0x08000409   Thumb Code     6  dadd.o(.text)
    __aeabi_dmul                             0x0800040f   Thumb Code   228  dmul.o(.text)
    __aeabi_i2d                              0x080004f3   Thumb Code    34  dflti.o(.text)
    __aeabi_d2iz                             0x08000515   Thumb Code    62  dfixi.o(.text)
    __aeabi_cdrcmple                         0x08000555   Thumb Code    48  cdrcmple.o(.text)
    __aeabi_uidiv                            0x08000585   Thumb Code     0  uidiv.o(.text)
    __aeabi_uidivmod                         0x08000585   Thumb Code    44  uidiv.o(.text)
    __aeabi_uldivmod                         0x080005b1   Thumb Code    98  uldiv.o(.text)
    __aeabi_llsl                             0x08000613   Thumb Code    30  llshl.o(.text)
    _ll_shift_l                              0x08000613   Thumb Code     0  llshl.o(.text)
    __aeabi_lasr                             0x08000631   Thumb Code    36  llsshr.o(.text)
    _ll_sshift_r                             0x08000631   Thumb Code     0  llsshr.o(.text)
    __I$use$fp                               0x08000655   Thumb Code     0  iusefp.o(.text)
    _double_round                            0x08000655   Thumb Code    30  depilogue.o(.text)
    _double_epilogue                         0x08000673   Thumb Code   156  depilogue.o(.text)
    __aeabi_ddiv                             0x0800070f   Thumb Code   222  ddiv.o(.text)
    __ARM_scalbn                             0x080007ed   Thumb Code    46  dscalb.o(.text)
    scalbn                                   0x080007ed   Thumb Code     0  dscalb.o(.text)
    __aeabi_d2ulz                            0x0800081b   Thumb Code    48  dfixul.o(.text)
    __scatterload                            0x0800084d   Thumb Code    28  init.o(.text)
    __scatterload_rt2                        0x0800084d   Thumb Code     0  init.o(.text)
    _dsqrt                                   0x08000871   Thumb Code   162  dsqrt.o(.text)
    BusFault_Handler                         0x08000913   Thumb Code     4  stm32f1xx_it.o(i.BusFault_Handler)
    DebugMon_Handler                         0x08000917   Thumb Code     2  stm32f1xx_it.o(i.DebugMon_Handler)
    EMQX_DevLink                             0x08000919   Thumb Code   192  emqx.o(i.EMQX_DevLink)
    EMQX_Publish                             0x08000b49   Thumb Code    74  emqx.o(i.EMQX_Publish)
    EMQX_RevPro                              0x08000b95   Thumb Code   534  emqx.o(i.EMQX_RevPro)
    EMQX_Subscribe                           0x08000f85   Thumb Code    78  emqx.o(i.EMQX_Subscribe)
    ESP8266_Clear                            0x08000fed   Thumb Code    20  esp.o(i.ESP8266_Clear)
    ESP8266_ExitTouChuan                     0x08001009   Thumb Code    34  esp.o(i.ESP8266_ExitTouChuan)
    ESP8266_GetIPD                           0x08001041   Thumb Code    66  esp.o(i.ESP8266_GetIPD)
    ESP8266_Init_SmartConfig                 0x08001091   Thumb Code   280  esp.o(i.ESP8266_Init_SmartConfig)
    ESP8266_SendBuf                          0x080012d1   Thumb Code    26  esp.o(i.ESP8266_SendBuf)
    ESP8266_SendCmd                          0x080012f1   Thumb Code   102  esp.o(i.ESP8266_SendCmd)
    ESP8266_SendString                       0x08001381   Thumb Code    26  esp.o(i.ESP8266_SendString)
    ESP8266_WaitRecive                       0x0800139d   Thumb Code    42  esp.o(i.ESP8266_WaitRecive)
    Error_Handler                            0x080013d1   Thumb Code     6  main.o(i.Error_Handler)
    HAL_DMA_Abort                            0x080013d7   Thumb Code    86  stm32f1xx_hal_dma.o(i.HAL_DMA_Abort)
    HAL_DMA_Abort_IT                         0x0800142d   Thumb Code   172  stm32f1xx_hal_dma.o(i.HAL_DMA_Abort_IT)
    HAL_Delay                                0x080014dd   Thumb Code    36  stm32f1xx_hal.o(i.HAL_Delay)
    HAL_GPIO_Init                            0x08001505   Thumb Code   766  stm32f1xx_hal_gpio.o(i.HAL_GPIO_Init)
    HAL_GetTick                              0x08001825   Thumb Code     6  stm32f1xx_hal.o(i.HAL_GetTick)
    HAL_IncTick                              0x08001831   Thumb Code    16  stm32f1xx_hal.o(i.HAL_IncTick)
    HAL_Init                                 0x08001849   Thumb Code    34  stm32f1xx_hal.o(i.HAL_Init)
    HAL_InitTick                             0x08001871   Thumb Code   118  stm32f1xx_hal_timebase_tim.o(i.HAL_InitTick)
    HAL_MspInit                              0x080018f9   Thumb Code    86  stm32f1xx_hal_msp.o(i.HAL_MspInit)
    HAL_NVIC_EnableIRQ                       0x08001959   Thumb Code    32  stm32f1xx_hal_cortex.o(i.HAL_NVIC_EnableIRQ)
    HAL_NVIC_SetPriority                     0x08001979   Thumb Code   124  stm32f1xx_hal_cortex.o(i.HAL_NVIC_SetPriority)
    HAL_NVIC_SetPriorityGrouping             0x080019f5   Thumb Code    32  stm32f1xx_hal_cortex.o(i.HAL_NVIC_SetPriorityGrouping)
    HAL_RCC_ClockConfig                      0x08001a1d   Thumb Code   376  stm32f1xx_hal_rcc.o(i.HAL_RCC_ClockConfig)
    HAL_RCC_GetClockConfig                   0x08001ba9   Thumb Code    58  stm32f1xx_hal_rcc.o(i.HAL_RCC_GetClockConfig)
    HAL_RCC_GetHCLKFreq                      0x08001bed   Thumb Code     6  stm32f1xx_hal_rcc.o(i.HAL_RCC_GetHCLKFreq)
    HAL_RCC_GetPCLK1Freq                     0x08001bf9   Thumb Code    22  stm32f1xx_hal_rcc.o(i.HAL_RCC_GetPCLK1Freq)
    HAL_RCC_GetPCLK2Freq                     0x08001c19   Thumb Code    22  stm32f1xx_hal_rcc.o(i.HAL_RCC_GetPCLK2Freq)
    HAL_RCC_GetSysClockFreq                  0x08001c39   Thumb Code   116  stm32f1xx_hal_rcc.o(i.HAL_RCC_GetSysClockFreq)
    HAL_RCC_OscConfig                        0x08001ccd   Thumb Code  1114  stm32f1xx_hal_rcc.o(i.HAL_RCC_OscConfig)
    HAL_TIMEx_BreakCallback                  0x08002131   Thumb Code     2  stm32f1xx_hal_tim_ex.o(i.HAL_TIMEx_BreakCallback)
    HAL_TIMEx_CommutCallback                 0x08002133   Thumb Code     2  stm32f1xx_hal_tim_ex.o(i.HAL_TIMEx_CommutCallback)
    HAL_TIMEx_MasterConfigSynchronization    0x08002135   Thumb Code   118  stm32f1xx_hal_tim_ex.o(i.HAL_TIMEx_MasterConfigSynchronization)
    HAL_TIM_Base_Init                        0x080021b9   Thumb Code   102  stm32f1xx_hal_tim.o(i.HAL_TIM_Base_Init)
    HAL_TIM_Base_MspInit                     0x0800221f   Thumb Code     2  stm32f1xx_hal_tim.o(i.HAL_TIM_Base_MspInit)
    HAL_TIM_Base_Start_IT                    0x08002221   Thumb Code   106  stm32f1xx_hal_tim.o(i.HAL_TIM_Base_Start_IT)
    HAL_TIM_IC_CaptureCallback               0x08002299   Thumb Code     2  stm32f1xx_hal_tim.o(i.HAL_TIM_IC_CaptureCallback)
    HAL_TIM_IRQHandler                       0x0800229b   Thumb Code   406  stm32f1xx_hal_tim.o(i.HAL_TIM_IRQHandler)
    HAL_TIM_MspPostInit                      0x08002431   Thumb Code    72  tim.o(i.HAL_TIM_MspPostInit)
    HAL_TIM_OC_DelayElapsedCallback          0x08002481   Thumb Code     2  stm32f1xx_hal_tim.o(i.HAL_TIM_OC_DelayElapsedCallback)
    HAL_TIM_PWM_ConfigChannel                0x08002483   Thumb Code   252  stm32f1xx_hal_tim.o(i.HAL_TIM_PWM_ConfigChannel)
    HAL_TIM_PWM_Init                         0x0800257f   Thumb Code   102  stm32f1xx_hal_tim.o(i.HAL_TIM_PWM_Init)
    HAL_TIM_PWM_MspInit                      0x080025e5   Thumb Code    40  tim.o(i.HAL_TIM_PWM_MspInit)
    HAL_TIM_PWM_PulseFinishedCallback        0x08002611   Thumb Code     2  stm32f1xx_hal_tim.o(i.HAL_TIM_PWM_PulseFinishedCallback)
    HAL_TIM_PWM_Start                        0x08002615   Thumb Code   198  stm32f1xx_hal_tim.o(i.HAL_TIM_PWM_Start)
    HAL_TIM_PeriodElapsedCallback            0x080026e9   Thumb Code    18  main.o(i.HAL_TIM_PeriodElapsedCallback)
    HAL_TIM_TriggerCallback                  0x08002701   Thumb Code     2  stm32f1xx_hal_tim.o(i.HAL_TIM_TriggerCallback)
    HAL_UARTEx_RxEventCallback               0x08002703   Thumb Code     2  stm32f1xx_hal_uart.o(i.HAL_UARTEx_RxEventCallback)
    HAL_UART_ErrorCallback                   0x08002705   Thumb Code     2  stm32f1xx_hal_uart.o(i.HAL_UART_ErrorCallback)
    HAL_UART_IRQHandler                      0x08002709   Thumb Code   582  stm32f1xx_hal_uart.o(i.HAL_UART_IRQHandler)
    HAL_UART_Init                            0x08002955   Thumb Code   114  stm32f1xx_hal_uart.o(i.HAL_UART_Init)
    HAL_UART_MspInit                         0x080029c9   Thumb Code   240  usart.o(i.HAL_UART_MspInit)
    HAL_UART_RxCpltCallback                  0x08002ac9   Thumb Code     2  stm32f1xx_hal_uart.o(i.HAL_UART_RxCpltCallback)
    HAL_UART_Transmit                        0x08002acb   Thumb Code   210  stm32f1xx_hal_uart.o(i.HAL_UART_Transmit)
    HAL_UART_TxCpltCallback                  0x08002b9d   Thumb Code     2  stm32f1xx_hal_uart.o(i.HAL_UART_TxCpltCallback)
    HardFault_Handler                        0x08002b9f   Thumb Code     4  stm32f1xx_it.o(i.HardFault_Handler)
    MQTT_DeleteBuffer                        0x08002ba3   Thumb Code    28  mqttkit.o(i.MQTT_DeleteBuffer)
    MQTT_DumpLength                          0x08002bbf   Thumb Code    46  mqttkit.o(i.MQTT_DumpLength)
    MQTT_NewBuffer                           0x08002bed   Thumb Code    88  mqttkit.o(i.MQTT_NewBuffer)
    MQTT_PacketConnect                       0x08002c45   Thumb Code   666  mqttkit.o(i.MQTT_PacketConnect)
    MQTT_PacketPublish                       0x08002ee5   Thumb Code   440  mqttkit.o(i.MQTT_PacketPublish)
    MQTT_PacketPublishComp                   0x0800309d   Thumb Code    72  mqttkit.o(i.MQTT_PacketPublishComp)
    MQTT_PacketPublishRel                    0x080030e5   Thumb Code    72  mqttkit.o(i.MQTT_PacketPublishRel)
    MQTT_PacketSubscribe                     0x0800312d   Thumb Code   254  mqttkit.o(i.MQTT_PacketSubscribe)
    MQTT_ReadLength                          0x0800322b   Thumb Code    70  mqttkit.o(i.MQTT_ReadLength)
    MQTT_UnPacketCmd                         0x08003271   Thumb Code   140  mqttkit.o(i.MQTT_UnPacketCmd)
    MQTT_UnPacketConnectAck                  0x080032fd   Thumb Code    30  mqttkit.o(i.MQTT_UnPacketConnectAck)
    MQTT_UnPacketPublish                     0x0800331d   Thumb Code   438  mqttkit.o(i.MQTT_UnPacketPublish)
    MQTT_UnPacketPublishAck                  0x080034dd   Thumb Code    30  mqttkit.o(i.MQTT_UnPacketPublishAck)
    MQTT_UnPacketPublishComp                 0x080034fb   Thumb Code    30  mqttkit.o(i.MQTT_UnPacketPublishComp)
    MQTT_UnPacketPublishRec                  0x08003519   Thumb Code    30  mqttkit.o(i.MQTT_UnPacketPublishRec)
    MQTT_UnPacketPublishRel                  0x08003537   Thumb Code    36  mqttkit.o(i.MQTT_UnPacketPublishRel)
    MQTT_UnPacketRecv                        0x0800355d   Thumb Code   106  mqttkit.o(i.MQTT_UnPacketRecv)
    MQTT_UnPacketSubscribe                   0x080035d1   Thumb Code    52  mqttkit.o(i.MQTT_UnPacketSubscribe)
    MQTT_UnPacketUnSubscribe                 0x08003605   Thumb Code    18  mqttkit.o(i.MQTT_UnPacketUnSubscribe)
    MX_FREERTOS_Init                         0x08003619   Thumb Code    54  freertos.o(i.MX_FREERTOS_Init)
    MX_GPIO_Init                             0x0800365d   Thumb Code    58  gpio.o(i.MX_GPIO_Init)
    MX_TIM2_Init                             0x0800369d   Thumb Code   120  tim.o(i.MX_TIM2_Init)
    MX_USART1_UART_Init                      0x08003719   Thumb Code    46  usart.o(i.MX_USART1_UART_Init)
    MX_USART2_UART_Init                      0x08003751   Thumb Code    62  usart.o(i.MX_USART2_UART_Init)
    MemManage_Handler                        0x08003799   Thumb Code     4  stm32f1xx_it.o(i.MemManage_Handler)
    NMI_Handler                              0x0800379d   Thumb Code     4  stm32f1xx_it.o(i.NMI_Handler)
    StartDefaultTask                         0x080037c9   Thumb Code    32  freertos.o(i.StartDefaultTask)
    StartTask02                              0x08003801   Thumb Code    20  freertos.o(i.StartTask02)
    SysTick_Handler                          0x08003831   Thumb Code    46  port.o(i.SysTick_Handler)
    SystemClock_Config                       0x08003865   Thumb Code   102  main.o(i.SystemClock_Config)
    SystemInit                               0x080038cb   Thumb Code     2  system_stm32f1xx.o(i.SystemInit)
    TIM3_IRQHandler                          0x080038cd   Thumb Code    10  stm32f1xx_it.o(i.TIM3_IRQHandler)
    TIM_Base_SetConfig                       0x080038dd   Thumb Code   104  stm32f1xx_hal_tim.o(i.TIM_Base_SetConfig)
    TIM_CCxChannelCmd                        0x08003951   Thumb Code    34  stm32f1xx_hal_tim.o(i.TIM_CCxChannelCmd)
    TIM_OC2_SetConfig                        0x080039d5   Thumb Code   100  stm32f1xx_hal_tim.o(i.TIM_OC2_SetConfig)
    USART2_IRQHandler                        0x08003e05   Thumb Code    70  stm32f1xx_it.o(i.USART2_IRQHandler)
    UsageFault_Handler                       0x08003e7d   Thumb Code     4  stm32f1xx_it.o(i.UsageFault_Handler)
    __0printf                                0x08003e81   Thumb Code    22  printfa.o(i.__0printf)
    __1printf                                0x08003e81   Thumb Code     0  printfa.o(i.__0printf)
    __2printf                                0x08003e81   Thumb Code     0  printfa.o(i.__0printf)
    __c89printf                              0x08003e81   Thumb Code     0  printfa.o(i.__0printf)
    printf                                   0x08003e81   Thumb Code     0  printfa.o(i.__0printf)
    __0sprintf                               0x08003ea1   Thumb Code    34  printfa.o(i.__0sprintf)
    __1sprintf                               0x08003ea1   Thumb Code     0  printfa.o(i.__0sprintf)
    __2sprintf                               0x08003ea1   Thumb Code     0  printfa.o(i.__0sprintf)
    __c89sprintf                             0x08003ea1   Thumb Code     0  printfa.o(i.__0sprintf)
    sprintf                                  0x08003ea1   Thumb Code     0  printfa.o(i.__0sprintf)
    __ARM_fpclassify                         0x08003ec9   Thumb Code    40  fpclassify.o(i.__ARM_fpclassify)
    __kernel_poly                            0x08003f29   Thumb Code   170  poly.o(i.__kernel_poly)
    __mathlib_dbl_divzero                    0x08003fd5   Thumb Code    12  dunder.o(i.__mathlib_dbl_divzero)
    __mathlib_dbl_infnan2                    0x08003fe5   Thumb Code     4  dunder.o(i.__mathlib_dbl_infnan2)
    __mathlib_dbl_invalid                    0x08003fe9   Thumb Code    12  dunder.o(i.__mathlib_dbl_invalid)
    __mathlib_dbl_overflow                   0x08003ff5   Thumb Code    14  dunder.o(i.__mathlib_dbl_overflow)
    __mathlib_dbl_underflow                  0x08004005   Thumb Code    10  dunder.o(i.__mathlib_dbl_underflow)
    __scatterload_copy                       0x08004015   Thumb Code    14  handlers.o(i.__scatterload_copy)
    __scatterload_null                       0x08004023   Thumb Code     2  handlers.o(i.__scatterload_null)
    __scatterload_zeroinit                   0x08004025   Thumb Code    14  handlers.o(i.__scatterload_zeroinit)
    __set_errno                              0x08004035   Thumb Code     6  errno.o(i.__set_errno)
    cJSON_Delete                             0x080048d5   Thumb Code    82  cjson.o(i.cJSON_Delete)
    cJSON_GetErrorPtr                        0x0800492d   Thumb Code     6  cjson.o(i.cJSON_GetErrorPtr)
    cJSON_GetObjectItem                      0x08004939   Thumb Code    30  cjson.o(i.cJSON_GetObjectItem)
    cJSON_Parse                              0x08004979   Thumb Code    16  cjson.o(i.cJSON_Parse)
    cJSON_ParseWithOpts                      0x08004989   Thumb Code    96  cjson.o(i.cJSON_ParseWithOpts)
    fputc                                    0x08004a39   Thumb Code    22  usart.o(i.fputc)
    free                                     0x08004a55   Thumb Code    76  malloc.o(i.free)
    main                                     0x08004aa5   Thumb Code    58  main.o(i.main)
    malloc                                   0x08004af5   Thumb Code    92  malloc.o(i.malloc)
    osDelay                                  0x08004b61   Thumb Code    24  cmsis_os.o(i.osDelay)
    osKernelStart                            0x08004b79   Thumb Code    10  cmsis_os.o(i.osKernelStart)
    osThreadCreate                           0x08004b83   Thumb Code    94  cmsis_os.o(i.osThreadCreate)
    pow                                      0x080052f9   Thumb Code  2512  pow.o(i.pow)
    pvPortMalloc                             0x08006149   Thumb Code   296  heap_4.o(i.pvPortMalloc)
    pxPortInitialiseStack                    0x08006285   Thumb Code    30  port.o(i.pxPortInitialiseStack)
    sqrt                                     0x080062bb   Thumb Code    76  sqrt.o(i.sqrt)
    uxListRemove                             0x08006307   Thumb Code    40  list.o(i.uxListRemove)
    vApplicationGetIdleTaskMemory            0x08006331   Thumb Code    14  freertos.o(i.vApplicationGetIdleTaskMemory)
    vListInitialise                          0x08006349   Thumb Code    26  list.o(i.vListInitialise)
    vListInitialiseItem                      0x08006363   Thumb Code     6  list.o(i.vListInitialiseItem)
    vListInsert                              0x08006369   Thumb Code    52  list.o(i.vListInsert)
    vListInsertEnd                           0x0800639d   Thumb Code    24  list.o(i.vListInsertEnd)
    vPortEnterCritical                       0x080063b5   Thumb Code    76  port.o(i.vPortEnterCritical)
    vPortExitCritical                        0x08006409   Thumb Code    56  port.o(i.vPortExitCritical)
    vPortFree                                0x08006445   Thumb Code   140  heap_4.o(i.vPortFree)
    vPortSetupTimerInterrupt                 0x080064d9   Thumb Code    36  port.o(i.vPortSetupTimerInterrupt)
    vTaskDelay                               0x08006501   Thumb Code    82  tasks.o(i.vTaskDelay)
    vTaskStartScheduler                      0x0800655d   Thumb Code   146  tasks.o(i.vTaskStartScheduler)
    vTaskSuspendAll                          0x0800660d   Thumb Code    12  tasks.o(i.vTaskSuspendAll)
    vTaskSwitchContext                       0x0800661d   Thumb Code   118  tasks.o(i.vTaskSwitchContext)
    xPortStartScheduler                      0x080066a9   Thumb Code   228  port.o(i.xPortStartScheduler)
    xTaskCreate                              0x080067a1   Thumb Code   100  tasks.o(i.xTaskCreate)
    xTaskCreateStatic                        0x08006805   Thumb Code   184  tasks.o(i.xTaskCreateStatic)
    xTaskIncrementTick                       0x080068bd   Thumb Code   282  tasks.o(i.xTaskIncrementTick)
    xTaskResumeAll                           0x08006a05   Thumb Code   224  tasks.o(i.xTaskResumeAll)
    AHBPrescTable                            0x08006b50   Data          16  system_stm32f1xx.o(.constdata)
    APBPrescTable                            0x08006b60   Data           8  system_stm32f1xx.o(.constdata)
    __mathlib_zero                           0x08006bf0   Data           8  qnan.o(.constdata)
    Region$$Table$$Base                      0x08006c2c   Number         0  anon$$obj.o(Region$$Table)
    Region$$Table$$Limit                     0x08006c4c   Number         0  anon$$obj.o(Region$$Table)
    EMQX_SUBSCRIBE_TOPIC                     0x20000000   Data           4  esp.o(.data)
    esp8266_cnt                              0x20000004   Data           2  esp.o(.data)
    esp8266_cntPre                           0x20000006   Data           2  esp.o(.data)
    ret                                      0x20000008   Data           4  emqx.o(.data)
    TEXT_Buffer                              0x2000000c   Data           6  emqx.o(.data)
    defaultTaskHandle                        0x20000020   Data           4  freertos.o(.data)
    heartHandle                              0x20000024   Data           4  freertos.o(.data)
    __stdout                                 0x20000028   Data           4  usart.o(.data)
    uwTick                                   0x2000002c   Data           4  stm32f1xx_hal.o(.data)
    uwTickPrio                               0x20000030   Data           4  stm32f1xx_hal.o(.data)
    uwTickFreq                               0x20000034   Data           1  stm32f1xx_hal.o(.data)
    SystemCoreClock                          0x20000038   Data           4  system_stm32f1xx.o(.data)
    pxCurrentTCB                             0x2000003c   Data           4  tasks.o(.data)
    __microlib_freelist                      0x2000009c   Data           4  mvars.o(.data)
    __microlib_freelist_initialised          0x200000a0   Data           4  mvars.o(.data)
    esp8266_buf                              0x200000a8   Data        1024  esp.o(.bss)
    mqtt_message                             0x200004a8   Data         300  emqx.o(.bss)
    htim2                                    0x20000828   Data          72  tim.o(.bss)
    huart1                                   0x20000870   Data          68  usart.o(.bss)
    huart2                                   0x200008b4   Data          68  usart.o(.bss)
    htim3                                    0x200008f8   Data          72  stm32f1xx_hal_timebase_tim.o(.bss)
    __heap_base                              0x20001630   Data           0  startup_stm32f103xb.o(HEAP)
    __heap_limit                             0x20001830   Data           0  startup_stm32f103xb.o(HEAP)
    __initial_sp                             0x20001c30   Data           0  startup_stm32f103xb.o(STACK)



==============================================================================

Memory Map of the image

  Image Entry point : 0x080000ed

  Load Region LR_IROM1 (Base: 0x08000000, Size: 0x00006cf4, Max: 0x00010000, ABSOLUTE)

    Execution Region ER_IROM1 (Exec base: 0x08000000, Load base: 0x08000000, Size: 0x00006c4c, Max: 0x00010000, ABSOLUTE)

    Exec Addr    Load Addr    Size         Type   Attr      Idx    E Section Name        Object

    0x08000000   0x08000000   0x000000ec   Data   RO            3    RESET               startup_stm32f103xb.o
    0x080000ec   0x080000ec   0x00000000   Code   RO         5084  * .ARM.Collect$$$$00000000  mc_w.l(entry.o)
    0x080000ec   0x080000ec   0x00000004   Code   RO         5441    .ARM.Collect$$$$00000001  mc_w.l(entry2.o)
    0x080000f0   0x080000f0   0x00000004   Code   RO         5444    .ARM.Collect$$$$00000004  mc_w.l(entry5.o)
    0x080000f4   0x080000f4   0x00000000   Code   RO         5446    .ARM.Collect$$$$00000008  mc_w.l(entry7b.o)
    0x080000f4   0x080000f4   0x00000000   Code   RO         5448    .ARM.Collect$$$$0000000A  mc_w.l(entry8b.o)
    0x080000f4   0x080000f4   0x00000008   Code   RO         5449    .ARM.Collect$$$$0000000B  mc_w.l(entry9a.o)
    0x080000fc   0x080000fc   0x00000004   Code   RO         5456    .ARM.Collect$$$$0000000E  mc_w.l(entry12b.o)
    0x08000100   0x08000100   0x00000000   Code   RO         5451    .ARM.Collect$$$$0000000F  mc_w.l(entry10a.o)
    0x08000100   0x08000100   0x00000000   Code   RO         5453    .ARM.Collect$$$$00000011  mc_w.l(entry11a.o)
    0x08000100   0x08000100   0x00000004   Code   RO         5442    .ARM.Collect$$$$00002712  mc_w.l(entry2.o)
    0x08000104   0x08000104   0x00000096   Code   RO         4993    .emb_text           port.o
    0x0800019a   0x0800019a   0x00000002   PAD
    0x0800019c   0x0800019c   0x00000024   Code   RO            4    .text               startup_stm32f103xb.o
    0x080001c0   0x080001c0   0x00000020   Code   RO         5087    .text               mc_w.l(llushr.o)
    0x080001e0   0x080001e0   0x0000000c   Code   RO         5089    .text               mc_w.l(tolower.o)
    0x080001ec   0x080001ec   0x00000024   Code   RO         5091    .text               mc_w.l(memcpya.o)
    0x08000210   0x08000210   0x00000024   Code   RO         5095    .text               mc_w.l(memseta.o)
    0x08000234   0x08000234   0x00000024   Code   RO         5097    .text               mc_w.l(strstr.o)
    0x08000258   0x08000258   0x00000014   Code   RO         5099    .text               mc_w.l(strchr.o)
    0x0800026c   0x0800026c   0x0000000e   Code   RO         5101    .text               mc_w.l(strlen.o)
    0x0800027a   0x0800027a   0x00000028   Code   RO         5103    .text               mc_w.l(strncat.o)
    0x080002a2   0x080002a2   0x0000001e   Code   RO         5107    .text               mc_w.l(strncmp.o)
    0x080002c0   0x080002c0   0x0000014e   Code   RO         5400    .text               mf_w.l(dadd.o)
    0x0800040e   0x0800040e   0x000000e4   Code   RO         5402    .text               mf_w.l(dmul.o)
    0x080004f2   0x080004f2   0x00000022   Code   RO         5404    .text               mf_w.l(dflti.o)
    0x08000514   0x08000514   0x0000003e   Code   RO         5406    .text               mf_w.l(dfixi.o)
    0x08000552   0x08000552   0x00000002   PAD
    0x08000554   0x08000554   0x00000030   Code   RO         5412    .text               mf_w.l(cdrcmple.o)
    0x08000584   0x08000584   0x0000002c   Code   RO         5457    .text               mc_w.l(uidiv.o)
    0x080005b0   0x080005b0   0x00000062   Code   RO         5459    .text               mc_w.l(uldiv.o)
    0x08000612   0x08000612   0x0000001e   Code   RO         5461    .text               mc_w.l(llshl.o)
    0x08000630   0x08000630   0x00000024   Code   RO         5463    .text               mc_w.l(llsshr.o)
    0x08000654   0x08000654   0x00000000   Code   RO         5474    .text               mc_w.l(iusefp.o)
    0x08000654   0x08000654   0x000000ba   Code   RO         5475    .text               mf_w.l(depilogue.o)
    0x0800070e   0x0800070e   0x000000de   Code   RO         5477    .text               mf_w.l(ddiv.o)
    0x080007ec   0x080007ec   0x0000002e   Code   RO         5479    .text               mf_w.l(dscalb.o)
    0x0800081a   0x0800081a   0x00000030   Code   RO         5481    .text               mf_w.l(dfixul.o)
    0x0800084a   0x0800084a   0x00000002   PAD
    0x0800084c   0x0800084c   0x00000024   Code   RO         5483    .text               mc_w.l(init.o)
    0x08000870   0x08000870   0x000000a2   Code   RO         5485    .text               mf_w.l(dsqrt.o)
    0x08000912   0x08000912   0x00000004   Code   RO         1231    i.BusFault_Handler  stm32f1xx_it.o
    0x08000916   0x08000916   0x00000002   Code   RO         1232    i.DebugMon_Handler  stm32f1xx_it.o
    0x08000918   0x08000918   0x00000230   Code   RO          199    i.EMQX_DevLink      emqx.o
    0x08000b48   0x08000b48   0x0000004a   Code   RO          200    i.EMQX_Publish      emqx.o
    0x08000b92   0x08000b92   0x00000002   PAD
    0x08000b94   0x08000b94   0x000003f0   Code   RO          201    i.EMQX_RevPro       emqx.o
    0x08000f84   0x08000f84   0x00000068   Code   RO          202    i.EMQX_Subscribe    emqx.o
    0x08000fec   0x08000fec   0x0000001c   Code   RO           13    i.ESP8266_Clear     esp.o
    0x08001008   0x08001008   0x00000038   Code   RO           14    i.ESP8266_ExitTouChuan  esp.o
    0x08001040   0x08001040   0x00000050   Code   RO           15    i.ESP8266_GetIPD    esp.o
    0x08001090   0x08001090   0x00000240   Code   RO           16    i.ESP8266_Init_SmartConfig  esp.o
    0x080012d0   0x080012d0   0x00000020   Code   RO           17    i.ESP8266_SendBuf   esp.o
    0x080012f0   0x080012f0   0x00000070   Code   RO           18    i.ESP8266_SendCmd   esp.o
    0x08001360   0x08001360   0x00000020   Code   RO           19    i.ESP8266_SendOneByte  esp.o
    0x08001380   0x08001380   0x0000001a   Code   RO           20    i.ESP8266_SendString  esp.o
    0x0800139a   0x0800139a   0x00000002   PAD
    0x0800139c   0x0800139c   0x00000034   Code   RO           21    i.ESP8266_WaitRecive  esp.o
    0x080013d0   0x080013d0   0x00000006   Code   RO          895    i.Error_Handler     main.o
    0x080013d6   0x080013d6   0x00000056   Code   RO         1784    i.HAL_DMA_Abort     stm32f1xx_hal_dma.o
    0x0800142c   0x0800142c   0x000000b0   Code   RO         1785    i.HAL_DMA_Abort_IT  stm32f1xx_hal_dma.o
    0x080014dc   0x080014dc   0x00000028   Code   RO         1407    i.HAL_Delay         stm32f1xx_hal.o
    0x08001504   0x08001504   0x00000320   Code   RO         1720    i.HAL_GPIO_Init     stm32f1xx_hal_gpio.o
    0x08001824   0x08001824   0x0000000c   Code   RO         1411    i.HAL_GetTick       stm32f1xx_hal.o
    0x08001830   0x08001830   0x00000018   Code   RO         1417    i.HAL_IncTick       stm32f1xx_hal.o
    0x08001848   0x08001848   0x00000028   Code   RO         1418    i.HAL_Init          stm32f1xx_hal.o
    0x08001870   0x08001870   0x00000088   Code   RO         1325    i.HAL_InitTick      stm32f1xx_hal_timebase_tim.o
    0x080018f8   0x080018f8   0x00000060   Code   RO         1301    i.HAL_MspInit       stm32f1xx_hal_msp.o
    0x08001958   0x08001958   0x00000020   Code   RO         1880    i.HAL_NVIC_EnableIRQ  stm32f1xx_hal_cortex.o
    0x08001978   0x08001978   0x0000007c   Code   RO         1886    i.HAL_NVIC_SetPriority  stm32f1xx_hal_cortex.o
    0x080019f4   0x080019f4   0x00000028   Code   RO         1887    i.HAL_NVIC_SetPriorityGrouping  stm32f1xx_hal_cortex.o
    0x08001a1c   0x08001a1c   0x0000018c   Code   RO         1575    i.HAL_RCC_ClockConfig  stm32f1xx_hal_rcc.o
    0x08001ba8   0x08001ba8   0x00000044   Code   RO         1579    i.HAL_RCC_GetClockConfig  stm32f1xx_hal_rcc.o
    0x08001bec   0x08001bec   0x0000000c   Code   RO         1580    i.HAL_RCC_GetHCLKFreq  stm32f1xx_hal_rcc.o
    0x08001bf8   0x08001bf8   0x00000020   Code   RO         1582    i.HAL_RCC_GetPCLK1Freq  stm32f1xx_hal_rcc.o
    0x08001c18   0x08001c18   0x00000020   Code   RO         1583    i.HAL_RCC_GetPCLK2Freq  stm32f1xx_hal_rcc.o
    0x08001c38   0x08001c38   0x00000094   Code   RO         1584    i.HAL_RCC_GetSysClockFreq  stm32f1xx_hal_rcc.o
    0x08001ccc   0x08001ccc   0x00000464   Code   RO         1587    i.HAL_RCC_OscConfig  stm32f1xx_hal_rcc.o
    0x08002130   0x08002130   0x00000002   Code   RO         3123    i.HAL_TIMEx_BreakCallback  stm32f1xx_hal_tim_ex.o
    0x08002132   0x08002132   0x00000002   Code   RO         3124    i.HAL_TIMEx_CommutCallback  stm32f1xx_hal_tim_ex.o
    0x08002134   0x08002134   0x00000084   Code   RO         3142    i.HAL_TIMEx_MasterConfigSynchronization  stm32f1xx_hal_tim_ex.o
    0x080021b8   0x080021b8   0x00000066   Code   RO         2408    i.HAL_TIM_Base_Init  stm32f1xx_hal_tim.o
    0x0800221e   0x0800221e   0x00000002   Code   RO         2410    i.HAL_TIM_Base_MspInit  stm32f1xx_hal_tim.o
    0x08002220   0x08002220   0x00000078   Code   RO         2413    i.HAL_TIM_Base_Start_IT  stm32f1xx_hal_tim.o
    0x08002298   0x08002298   0x00000002   Code   RO         2442    i.HAL_TIM_IC_CaptureCallback  stm32f1xx_hal_tim.o
    0x0800229a   0x0800229a   0x00000196   Code   RO         2456    i.HAL_TIM_IRQHandler  stm32f1xx_hal_tim.o
    0x08002430   0x08002430   0x00000050   Code   RO         1112    i.HAL_TIM_MspPostInit  tim.o
    0x08002480   0x08002480   0x00000002   Code   RO         2459    i.HAL_TIM_OC_DelayElapsedCallback  stm32f1xx_hal_tim.o
    0x08002482   0x08002482   0x000000fc   Code   RO         2480    i.HAL_TIM_PWM_ConfigChannel  stm32f1xx_hal_tim.o
    0x0800257e   0x0800257e   0x00000066   Code   RO         2483    i.HAL_TIM_PWM_Init  stm32f1xx_hal_tim.o
    0x080025e4   0x080025e4   0x0000002c   Code   RO         1114    i.HAL_TIM_PWM_MspInit  tim.o
    0x08002610   0x08002610   0x00000002   Code   RO         2486    i.HAL_TIM_PWM_PulseFinishedCallback  stm32f1xx_hal_tim.o
    0x08002612   0x08002612   0x00000002   PAD
    0x08002614   0x08002614   0x000000d4   Code   RO         2488    i.HAL_TIM_PWM_Start  stm32f1xx_hal_tim.o
    0x080026e8   0x080026e8   0x00000018   Code   RO          896    i.HAL_TIM_PeriodElapsedCallback  main.o
    0x08002700   0x08002700   0x00000002   Code   RO         2499    i.HAL_TIM_TriggerCallback  stm32f1xx_hal_tim.o
    0x08002702   0x08002702   0x00000002   Code   RO         3401    i.HAL_UARTEx_RxEventCallback  stm32f1xx_hal_uart.o
    0x08002704   0x08002704   0x00000002   Code   RO         3415    i.HAL_UART_ErrorCallback  stm32f1xx_hal_uart.o
    0x08002706   0x08002706   0x00000002   PAD
    0x08002708   0x08002708   0x0000024c   Code   RO         3418    i.HAL_UART_IRQHandler  stm32f1xx_hal_uart.o
    0x08002954   0x08002954   0x00000072   Code   RO         3419    i.HAL_UART_Init     stm32f1xx_hal_uart.o
    0x080029c6   0x080029c6   0x00000002   PAD
    0x080029c8   0x080029c8   0x00000100   Code   RO         1161    i.HAL_UART_MspInit  usart.o
    0x08002ac8   0x08002ac8   0x00000002   Code   RO         3425    i.HAL_UART_RxCpltCallback  stm32f1xx_hal_uart.o
    0x08002aca   0x08002aca   0x000000d2   Code   RO         3427    i.HAL_UART_Transmit  stm32f1xx_hal_uart.o
    0x08002b9c   0x08002b9c   0x00000002   Code   RO         3430    i.HAL_UART_TxCpltCallback  stm32f1xx_hal_uart.o
    0x08002b9e   0x08002b9e   0x00000004   Code   RO         1233    i.HardFault_Handler  stm32f1xx_it.o
    0x08002ba2   0x08002ba2   0x0000001c   Code   RO          349    i.MQTT_DeleteBuffer  mqttkit.o
    0x08002bbe   0x08002bbe   0x0000002e   Code   RO          350    i.MQTT_DumpLength   mqttkit.o
    0x08002bec   0x08002bec   0x00000058   Code   RO          351    i.MQTT_NewBuffer    mqttkit.o
    0x08002c44   0x08002c44   0x000002a0   Code   RO          353    i.MQTT_PacketConnect  mqttkit.o
    0x08002ee4   0x08002ee4   0x000001b8   Code   RO          356    i.MQTT_PacketPublish  mqttkit.o
    0x0800309c   0x0800309c   0x00000048   Code   RO          358    i.MQTT_PacketPublishComp  mqttkit.o
    0x080030e4   0x080030e4   0x00000048   Code   RO          360    i.MQTT_PacketPublishRel  mqttkit.o
    0x0800312c   0x0800312c   0x000000fe   Code   RO          363    i.MQTT_PacketSubscribe  mqttkit.o
    0x0800322a   0x0800322a   0x00000046   Code   RO          365    i.MQTT_ReadLength   mqttkit.o
    0x08003270   0x08003270   0x0000008c   Code   RO          366    i.MQTT_UnPacketCmd  mqttkit.o
    0x080032fc   0x080032fc   0x0000001e   Code   RO          367    i.MQTT_UnPacketConnectAck  mqttkit.o
    0x0800331a   0x0800331a   0x00000002   PAD
    0x0800331c   0x0800331c   0x000001c0   Code   RO          368    i.MQTT_UnPacketPublish  mqttkit.o
    0x080034dc   0x080034dc   0x0000001e   Code   RO          369    i.MQTT_UnPacketPublishAck  mqttkit.o
    0x080034fa   0x080034fa   0x0000001e   Code   RO          370    i.MQTT_UnPacketPublishComp  mqttkit.o
    0x08003518   0x08003518   0x0000001e   Code   RO          371    i.MQTT_UnPacketPublishRec  mqttkit.o
    0x08003536   0x08003536   0x00000024   Code   RO          372    i.MQTT_UnPacketPublishRel  mqttkit.o
    0x0800355a   0x0800355a   0x00000002   PAD
    0x0800355c   0x0800355c   0x00000074   Code   RO          373    i.MQTT_UnPacketRecv  mqttkit.o
    0x080035d0   0x080035d0   0x00000034   Code   RO          374    i.MQTT_UnPacketSubscribe  mqttkit.o
    0x08003604   0x08003604   0x00000012   Code   RO          375    i.MQTT_UnPacketUnSubscribe  mqttkit.o
    0x08003616   0x08003616   0x00000002   PAD
    0x08003618   0x08003618   0x00000044   Code   RO         1017    i.MX_FREERTOS_Init  freertos.o
    0x0800365c   0x0800365c   0x00000040   Code   RO          990    i.MX_GPIO_Init      gpio.o
    0x0800369c   0x0800369c   0x0000007c   Code   RO         1115    i.MX_TIM2_Init      tim.o
    0x08003718   0x08003718   0x00000038   Code   RO         1162    i.MX_USART1_UART_Init  usart.o
    0x08003750   0x08003750   0x00000048   Code   RO         1163    i.MX_USART2_UART_Init  usart.o
    0x08003798   0x08003798   0x00000004   Code   RO         1234    i.MemManage_Handler  stm32f1xx_it.o
    0x0800379c   0x0800379c   0x00000004   Code   RO         1235    i.NMI_Handler       stm32f1xx_it.o
    0x080037a0   0x080037a0   0x00000028   Code   RO         1588    i.RCC_Delay         stm32f1xx_hal_rcc.o
    0x080037c8   0x080037c8   0x00000038   Code   RO         1018    i.StartDefaultTask  freertos.o
    0x08003800   0x08003800   0x00000030   Code   RO         1019    i.StartTask02       freertos.o
    0x08003830   0x08003830   0x00000034   Code   RO         4994    i.SysTick_Handler   port.o
    0x08003864   0x08003864   0x00000066   Code   RO          897    i.SystemClock_Config  main.o
    0x080038ca   0x080038ca   0x00000002   Code   RO         3758    i.SystemInit        system_stm32f1xx.o
    0x080038cc   0x080038cc   0x00000010   Code   RO         1236    i.TIM3_IRQHandler   stm32f1xx_it.o
    0x080038dc   0x080038dc   0x00000074   Code   RO         2501    i.TIM_Base_SetConfig  stm32f1xx_hal_tim.o
    0x08003950   0x08003950   0x00000022   Code   RO         2502    i.TIM_CCxChannelCmd  stm32f1xx_hal_tim.o
    0x08003972   0x08003972   0x00000002   PAD
    0x08003974   0x08003974   0x00000060   Code   RO         2514    i.TIM_OC1_SetConfig  stm32f1xx_hal_tim.o
    0x080039d4   0x080039d4   0x00000068   Code   RO         2515    i.TIM_OC2_SetConfig  stm32f1xx_hal_tim.o
    0x08003a3c   0x08003a3c   0x00000068   Code   RO         2516    i.TIM_OC3_SetConfig  stm32f1xx_hal_tim.o
    0x08003aa4   0x08003aa4   0x00000048   Code   RO         2517    i.TIM_OC4_SetConfig  stm32f1xx_hal_tim.o
    0x08003aec   0x08003aec   0x00000014   Code   RO         3432    i.UART_DMAAbortOnError  stm32f1xx_hal_uart.o
    0x08003b00   0x08003b00   0x00000036   Code   RO         3442    i.UART_EndRxTransfer  stm32f1xx_hal_uart.o
    0x08003b36   0x08003b36   0x00000020   Code   RO         3443    i.UART_EndTransmit_IT  stm32f1xx_hal_uart.o
    0x08003b56   0x08003b56   0x000000e4   Code   RO         3445    i.UART_Receive_IT   stm32f1xx_hal_uart.o
    0x08003c3a   0x08003c3a   0x00000002   PAD
    0x08003c3c   0x08003c3c   0x000000fc   Code   RO         3446    i.UART_SetConfig    stm32f1xx_hal_uart.o
    0x08003d38   0x08003d38   0x00000060   Code   RO         3449    i.UART_Transmit_IT  stm32f1xx_hal_uart.o
    0x08003d98   0x08003d98   0x0000006c   Code   RO         3450    i.UART_WaitOnFlagUntilTimeout  stm32f1xx_hal_uart.o
    0x08003e04   0x08003e04   0x00000058   Code   RO         1237    i.USART2_IRQHandler  stm32f1xx_it.o
    0x08003e5c   0x08003e5c   0x00000020   Code   RO           22    i.Uart_SendOneByte  esp.o
    0x08003e7c   0x08003e7c   0x00000004   Code   RO         1238    i.UsageFault_Handler  stm32f1xx_it.o
    0x08003e80   0x08003e80   0x00000020   Code   RO         5344    i.__0printf         mc_w.l(printfa.o)
    0x08003ea0   0x08003ea0   0x00000028   Code   RO         5346    i.__0sprintf        mc_w.l(printfa.o)
    0x08003ec8   0x08003ec8   0x00000028   Code   RO         5428    i.__ARM_fpclassify  m_ws.l(fpclassify.o)
    0x08003ef0   0x08003ef0   0x00000010   Code   RO         1893    i.__NVIC_GetPriorityGrouping  stm32f1xx_hal_cortex.o
    0x08003f00   0x08003f00   0x00000028   Code   RO         1894    i.__NVIC_SetPriority  stm32f1xx_hal_cortex.o
    0x08003f28   0x08003f28   0x000000aa   Code   RO         5430    i.__kernel_poly     m_ws.l(poly.o)
    0x08003fd2   0x08003fd2   0x00000002   PAD
    0x08003fd4   0x08003fd4   0x00000010   Code   RO         5414    i.__mathlib_dbl_divzero  m_ws.l(dunder.o)
    0x08003fe4   0x08003fe4   0x00000004   Code   RO         5416    i.__mathlib_dbl_infnan2  m_ws.l(dunder.o)
    0x08003fe8   0x08003fe8   0x0000000c   Code   RO         5417    i.__mathlib_dbl_invalid  m_ws.l(dunder.o)
    0x08003ff4   0x08003ff4   0x0000000e   Code   RO         5418    i.__mathlib_dbl_overflow  m_ws.l(dunder.o)
    0x08004002   0x08004002   0x00000002   PAD
    0x08004004   0x08004004   0x00000010   Code   RO         5420    i.__mathlib_dbl_underflow  m_ws.l(dunder.o)
    0x08004014   0x08004014   0x0000000e   Code   RO         5489    i.__scatterload_copy  mc_w.l(handlers.o)
    0x08004022   0x08004022   0x00000002   Code   RO         5490    i.__scatterload_null  mc_w.l(handlers.o)
    0x08004024   0x08004024   0x0000000e   Code   RO         5491    i.__scatterload_zeroinit  mc_w.l(handlers.o)
    0x08004032   0x08004032   0x00000002   PAD
    0x08004034   0x08004034   0x0000000c   Code   RO         5469    i.__set_errno       mc_w.l(errno.o)
    0x08004040   0x08004040   0x00000184   Code   RO         5351    i._fp_digits        mc_w.l(printfa.o)
    0x080041c4   0x080041c4   0x000006b4   Code   RO         5352    i._printf_core      mc_w.l(printfa.o)
    0x08004878   0x08004878   0x00000024   Code   RO         5353    i._printf_post_padding  mc_w.l(printfa.o)
    0x0800489c   0x0800489c   0x0000002e   Code   RO         5354    i._printf_pre_padding  mc_w.l(printfa.o)
    0x080048ca   0x080048ca   0x0000000a   Code   RO         5356    i._sputc            mc_w.l(printfa.o)
    0x080048d4   0x080048d4   0x00000058   Code   RO          547    i.cJSON_Delete      cjson.o
    0x0800492c   0x0800492c   0x0000000c   Code   RO          555    i.cJSON_GetErrorPtr  cjson.o
    0x08004938   0x08004938   0x0000001e   Code   RO          556    i.cJSON_GetObjectItem  cjson.o
    0x08004956   0x08004956   0x00000002   PAD
    0x08004958   0x08004958   0x00000020   Code   RO          560    i.cJSON_New_Item    cjson.o
    0x08004978   0x08004978   0x00000010   Code   RO          561    i.cJSON_Parse       cjson.o
    0x08004988   0x08004988   0x00000064   Code   RO          562    i.cJSON_ParseWithOpts  cjson.o
    0x080049ec   0x080049ec   0x0000004c   Code   RO          568    i.cJSON_strcasecmp  cjson.o
    0x08004a38   0x08004a38   0x0000001c   Code   RO         1166    i.fputc             usart.o
    0x08004a54   0x08004a54   0x00000050   Code   RO         5372    i.free              mc_w.l(malloc.o)
    0x08004aa4   0x08004aa4   0x00000040   Code   RO          898    i.main              main.o
    0x08004ae4   0x08004ae4   0x0000000e   Code   RO         4565    i.makeFreeRtosPriority  cmsis_os.o
    0x08004af2   0x08004af2   0x00000002   PAD
    0x08004af4   0x08004af4   0x0000006c   Code   RO         5373    i.malloc            mc_w.l(malloc.o)
    0x08004b60   0x08004b60   0x00000018   Code   RO         4567    i.osDelay           cmsis_os.o
    0x08004b78   0x08004b78   0x0000000a   Code   RO         4570    i.osKernelStart     cmsis_os.o
    0x08004b82   0x08004b82   0x0000005e   Code   RO         4604    i.osThreadCreate    cmsis_os.o
    0x08004be0   0x08004be0   0x000000ac   Code   RO          572    i.parse_array       cjson.o
    0x08004c8c   0x08004c8c   0x00000114   Code   RO          573    i.parse_hex4        cjson.o
    0x08004da0   0x08004da0   0x000001bc   Code   RO          574    i.parse_number      cjson.o
    0x08004f5c   0x08004f5c   0x00000114   Code   RO          575    i.parse_object      cjson.o
    0x08005070   0x08005070   0x000001cc   Code   RO          576    i.parse_string      cjson.o
    0x0800523c   0x0800523c   0x000000bc   Code   RO          577    i.parse_value       cjson.o
    0x080052f8   0x080052f8   0x000009d8   Code   RO         5075    i.pow               m_ws.l(pow.o)
    0x08005cd0   0x08005cd0   0x00000098   Code   RO         4251    i.prvAddCurrentTaskToDelayedList  tasks.o
    0x08005d68   0x08005d68   0x000000b4   Code   RO         4252    i.prvAddNewTaskToReadyList  tasks.o
    0x08005e1c   0x08005e1c   0x00000048   Code   RO         4253    i.prvCheckTasksWaitingTermination  tasks.o
    0x08005e64   0x08005e64   0x00000050   Code   RO         4254    i.prvDeleteTCB      tasks.o
    0x08005eb4   0x08005eb4   0x0000007c   Code   RO         4932    i.prvHeapInit       heap_4.o
    0x08005f30   0x08005f30   0x00000028   Code   RO         4255    i.prvIdleTask       tasks.o
    0x08005f58   0x08005f58   0x000000aa   Code   RO         4256    i.prvInitialiseNewTask  tasks.o
    0x08006002   0x08006002   0x00000002   PAD
    0x08006004   0x08006004   0x00000068   Code   RO         4257    i.prvInitialiseTaskLists  tasks.o
    0x0800606c   0x0800606c   0x00000068   Code   RO         4933    i.prvInsertBlockIntoFreeList  heap_4.o
    0x080060d4   0x080060d4   0x00000034   Code   RO         4258    i.prvResetNextTaskUnblockTime  tasks.o
    0x08006108   0x08006108   0x00000040   Code   RO         4995    i.prvTaskExitError  port.o
    0x08006148   0x08006148   0x0000013c   Code   RO         4934    i.pvPortMalloc      heap_4.o
    0x08006284   0x08006284   0x00000024   Code   RO         4996    i.pxPortInitialiseStack  port.o
    0x080062a8   0x080062a8   0x00000012   Code   RO          585    i.skip              cjson.o
    0x080062ba   0x080062ba   0x0000004c   Code   RO         5434    i.sqrt              m_ws.l(sqrt.o)
    0x08006306   0x08006306   0x00000028   Code   RO         3892    i.uxListRemove      list.o
    0x0800632e   0x0800632e   0x00000002   PAD
    0x08006330   0x08006330   0x00000018   Code   RO         1020    i.vApplicationGetIdleTaskMemory  freertos.o
    0x08006348   0x08006348   0x0000001a   Code   RO         3893    i.vListInitialise   list.o
    0x08006362   0x08006362   0x00000006   Code   RO         3894    i.vListInitialiseItem  list.o
    0x08006368   0x08006368   0x00000034   Code   RO         3895    i.vListInsert       list.o
    0x0800639c   0x0800639c   0x00000018   Code   RO         3896    i.vListInsertEnd    list.o
    0x080063b4   0x080063b4   0x00000054   Code   RO         4998    i.vPortEnterCritical  port.o
    0x08006408   0x08006408   0x0000003c   Code   RO         4999    i.vPortExitCritical  port.o
    0x08006444   0x08006444   0x00000094   Code   RO         4935    i.vPortFree         heap_4.o
    0x080064d8   0x080064d8   0x00000028   Code   RO         5000    i.vPortSetupTimerInterrupt  port.o
    0x08006500   0x08006500   0x0000005c   Code   RO         4266    i.vTaskDelay        tasks.o
    0x0800655c   0x0800655c   0x000000b0   Code   RO         4279    i.vTaskStartScheduler  tasks.o
    0x0800660c   0x0800660c   0x00000010   Code   RO         4281    i.vTaskSuspendAll   tasks.o
    0x0800661c   0x0800661c   0x0000008c   Code   RO         4282    i.vTaskSwitchContext  tasks.o
    0x080066a8   0x080066a8   0x000000f8   Code   RO         5002    i.xPortStartScheduler  port.o
    0x080067a0   0x080067a0   0x00000064   Code   RO         4284    i.xTaskCreate       tasks.o
    0x08006804   0x08006804   0x000000b8   Code   RO         4285    i.xTaskCreateStatic  tasks.o
    0x080068bc   0x080068bc   0x00000148   Code   RO         4292    i.xTaskIncrementTick  tasks.o
    0x08006a04   0x08006a04   0x00000104   Code   RO         4298    i.xTaskResumeAll    tasks.o
    0x08006b08   0x08006b08   0x00000008   Data   RO          204    .constdata          emqx.o
    0x08006b10   0x08006b10   0x00000007   Data   RO          588    .constdata          cjson.o
    0x08006b17   0x08006b17   0x00000001   PAD
    0x08006b18   0x08006b18   0x00000038   Data   RO         1022    .constdata          freertos.o
    0x08006b50   0x08006b50   0x00000018   Data   RO         3759    .constdata          system_stm32f1xx.o
    0x08006b68   0x08006b68   0x00000088   Data   RO         5076    .constdata          m_ws.l(pow.o)
    0x08006bf0   0x08006bf0   0x00000008   Data   RO         5432    .constdata          m_ws.l(qnan.o)
    0x08006bf8   0x08006bf8   0x00000010   Data   RO           24    .conststring        esp.o
    0x08006c08   0x08006c08   0x0000000d   Data   RO          205    .conststring        emqx.o
    0x08006c15   0x08006c15   0x00000003   PAD
    0x08006c18   0x08006c18   0x00000012   Data   RO         1023    .conststring        freertos.o
    0x08006c2a   0x08006c2a   0x00000002   PAD
    0x08006c2c   0x08006c2c   0x00000020   Data   RO         5487    Region$$Table       anon$$obj.o


    Execution Region RW_IRAM1 (Exec base: 0x20000000, Load base: 0x08006c4c, Size: 0x00001c30, Max: 0x00005000, ABSOLUTE)

    Exec Addr    Load Addr    Size         Type   Attr      Idx    E Section Name        Object

    0x20000000   0x08006c4c   0x00000008   Data   RW           25    .data               esp.o
    0x20000008   0x08006c54   0x0000000c   Data   RW          206    .data               emqx.o
    0x20000014   0x08006c60   0x0000000c   Data   RW          589    .data               cjson.o
    0x20000020   0x08006c6c   0x00000008   Data   RW         1024    .data               freertos.o
    0x20000028   0x08006c74   0x00000004   Data   RW         1168    .data               usart.o
    0x2000002c   0x08006c78   0x00000009   Data   RW         1425    .data               stm32f1xx_hal.o
    0x20000035   0x08006c81   0x00000003   PAD
    0x20000038   0x08006c84   0x00000004   Data   RW         3760    .data               system_stm32f1xx.o
    0x2000003c   0x08006c88   0x0000003c   Data   RW         4301    .data               tasks.o
    0x20000078   0x08006cc4   0x00000018   Data   RW         4940    .data               heap_4.o
    0x20000090   0x08006cdc   0x0000000c   Data   RW         5003    .data               port.o
    0x2000009c   0x08006ce8   0x00000004   Data   RW         5465    .data               mc_w.l(mvars.o)
    0x200000a0   0x08006cec   0x00000004   Data   RW         5466    .data               mc_w.l(mvars.o)
    0x200000a4   0x08006cf0   0x00000004   Data   RW         5470    .data               mc_w.l(errno.o)
    0x200000a8        -       0x00000400   Zero   RW           23    .bss                esp.o
    0x200004a8        -       0x0000012c   Zero   RW          203    .bss                emqx.o
    0x200005d4        -       0x00000254   Zero   RW         1021    .bss                freertos.o
    0x20000828        -       0x00000048   Zero   RW         1116    .bss                tim.o
    0x20000870        -       0x00000088   Zero   RW         1167    .bss                usart.o
    0x200008f8        -       0x00000048   Zero   RW         1328    .bss                stm32f1xx_hal_timebase_tim.o
    0x20000940        -       0x000000f0   Zero   RW         4300    .bss                tasks.o
    0x20000a30        -       0x00000c00   Zero   RW         4939    .bss                heap_4.o
    0x20001630        -       0x00000200   Zero   RW            2    HEAP                startup_stm32f103xb.o
    0x20001830        -       0x00000400   Zero   RW            1    STACK               startup_stm32f103xb.o


==============================================================================

Image component sizes


      Code (inc. data)   RO Data    RW Data    ZI Data      Debug   Object Name

      2188         88          7         12          0      11897   cjson.o
       142          0          0          0          0      21751   cmsis_os.o
      1746        888         21         12        300     427856   emqx.o
      1026        374         16          8       1024     417607   esp.o
         0          0          0          0          0      16572   event_groups.o
       196         76         74          8        596      33360   freertos.o
        64          6          0          0          0        703   gpio.o
       692         62          0         24       3072       6971   heap_4.o
       148          0          0          0          0       3194   list.o
       196         12          0          0          0       2328   main.o
      2672         26          0          0          0      17656   mqttkit.o
       734         64          0         12          0       9972   port.o
        36          8        236          0       1536        764   startup_stm32f103xb.o
       116         24          0          9          0       4982   stm32f1xx_hal.o
       252         22          0          0          0      28446   stm32f1xx_hal_cortex.o
       262          4          0          0          0       1639   stm32f1xx_hal_dma.o
       800         34          0          0          0       1976   stm32f1xx_hal_gpio.o
        96         10          0          0          0        818   stm32f1xx_hal_msp.o
      1852        120          0          0          0       6281   stm32f1xx_hal_rcc.o
      1730         60          0          0          0      11257   stm32f1xx_hal_tim.o
       136         14          0          0          0       2245   stm32f1xx_hal_tim_ex.o
       136         18          0          0         72       1351   stm32f1xx_hal_timebase_tim.o
      1710         10          0          0          0       9760   stm32f1xx_hal_uart.o
       126         24          0          0          0       3263   stm32f1xx_it.o
         2          0         24          4          0       1007   system_stm32f1xx.o
      2146        270          0         60        240      16297   tasks.o
       248         16          0          0         72       2047   tim.o
       412         42          0          4        136       3907   usart.o

    ----------------------------------------------------------------------
     19894       2272        416        156       7048    1065907   Object Totals
         0          0         32          0          0          0   (incl. Generated)
        30          0          6          3          0          0   (incl. Padding)

    ----------------------------------------------------------------------

      Code (inc. data)   RO Data    RW Data    ZI Data      Debug   Library Member Name

        62         10          0          0          0        340   dunder.o
        40          0          0          0          0         68   fpclassify.o
       170          0          0          0          0         96   poly.o
      2520        190        136          0          0        324   pow.o
         0          0          8          0          0          0   qnan.o
        76          0          0          0          0         84   sqrt.o
         0          0          0          0          0          0   entry.o
         0          0          0          0          0          0   entry10a.o
         0          0          0          0          0          0   entry11a.o
         4          0          0          0          0          0   entry12b.o
         8          4          0          0          0          0   entry2.o
         4          0          0          0          0          0   entry5.o
         0          0          0          0          0          0   entry7b.o
         0          0          0          0          0          0   entry8b.o
         8          4          0          0          0          0   entry9a.o
        12          6          0          4          0         68   errno.o
        30          0          0          0          0          0   handlers.o
        36          8          0          0          0         68   init.o
         0          0          0          0          0          0   iusefp.o
        30          0          0          0          0         68   llshl.o
        36          0          0          0          0         68   llsshr.o
        32          0          0          0          0         68   llushr.o
       188         20          0          0          0        160   malloc.o
        36          0          0          0          0         68   memcpya.o
        36          0          0          0          0        108   memseta.o
         0          0          0          8          0          0   mvars.o
      2268         96          0          0          0        616   printfa.o
        20          0          0          0          0         68   strchr.o
        14          0          0          0          0         68   strlen.o
        40          0          0          0          0         76   strncat.o
        30          0          0          0          0         80   strncmp.o
        36          0          0          0          0         80   strstr.o
        12          0          0          0          0         68   tolower.o
        44          0          0          0          0         80   uidiv.o
        98          0          0          0          0         92   uldiv.o
        48          0          0          0          0         68   cdrcmple.o
       334          0          0          0          0        148   dadd.o
       222          0          0          0          0        100   ddiv.o
       186          0          0          0          0        176   depilogue.o
        62          0          0          0          0         80   dfixi.o
        48          0          0          0          0         68   dfixul.o
        34          0          0          0          0         76   dflti.o
       228          0          0          0          0         96   dmul.o
        46          0          0          0          0         80   dscalb.o
       162          0          0          0          0        100   dsqrt.o

    ----------------------------------------------------------------------
      7270        338        144         12          0       3808   Library Totals
        10          0          0          0          0          0   (incl. Padding)

    ----------------------------------------------------------------------

      Code (inc. data)   RO Data    RW Data    ZI Data      Debug   Library Name

      2868        200        144          0          0        912   m_ws.l
      3022        138          0         12          0       1904   mc_w.l
      1370          0          0          0          0        992   mf_w.l

    ----------------------------------------------------------------------
      7270        338        144         12          0       3808   Library Totals

    ----------------------------------------------------------------------

==============================================================================


      Code (inc. data)   RO Data    RW Data    ZI Data      Debug   

     27164       2610        560        168       7048    1059519   Grand Totals
     27164       2610        560        168       7048    1059519   ELF Image Totals
     27164       2610        560        168          0          0   ROM Totals

==============================================================================

    Total RO  Size (Code + RO Data)                27724 (  27.07kB)
    Total RW  Size (RW Data + ZI Data)              7216 (   7.05kB)
    Total ROM Size (Code + RO Data + RW Data)      27892 (  27.24kB)

==============================================================================

